<html>
<body>
<pre>
<h1>µVision Build Log</h1>
<h2>Tool Versions:</h2>
IDE-Version: ÂµVision V5.43.1.0
Copyright (C) 2025 ARM Ltd and ARM Germany GmbH. All rights reserved.
License Information: y hc, scut, LIC=585FJ-UV92H-VEFHA-1MHZF-DCALC-SAJJ8
 
Tool Versions:
Toolchain:       MDK-ARM Plus  Version: 5.43.0.0
Toolchain Path:  D:\program files\keil_v5\ARM\ARMCC\Bin
C Compiler:      Armcc.exe V5.06 update 6 (build 750)
Assembler:       Armasm.exe V5.06 update 6 (build 750)
Linker/Locator:  ArmLink.exe V5.06 update 6 (build 750)
Library Manager: ArmAr.exe V5.06 update 6 (build 750)
Hex Converter:   FromElf.exe V5.06 update 6 (build 750)
CPU DLL:         SARMCM3.DLL V5.43.0.0
Dialog DLL:      DARMCM1.DLL V1.19.6.0
Target DLL:      CMSIS_AGDI.dll V1.33.24.0
Dialog DLL:      TARMCM1.DLL V1.14.6.0
 
<h2>Project:</h2>
D:\yhc\saiyuan\files\project\main\Keil_C\Project\led.uvprojx
Project File Date:  12/19/2025

<h2>Output:</h2>
*** Using Compiler 'V5.06 update 6 (build 750)', folder: 'D:\program files\keil_v5\ARM\ARMCC\Bin'
Build target 'led'
compiling main.c...
linking...
Program Size: Code=10556 RO-data=2816 RW-data=80 ZI-data=2032  
FromELF: creating hex file...
"..\Output\led.axf" - 0 Error(s), 0 Warning(s).

<h2>Software Packages used:</h2>

Package Vendor: SinOne
                https://www.socmcu.com/SinOne.SC32F1xxx_DFP.1.1.7.pack
                SinOne::SC32F1xxx_DFP@1.1.7
                SinOneMicroelectronics ARM Series Device Support

<h2>Collection of Component include folders:</h2>
  C:/Users/gchh/AppData/Local/Arm/Packs/Keil/SC32F1xxx_DFP/1.1.7/Device/SC32F12xx/FWLib/SC32_Lib/inc

<h2>Collection of Component Files used:</h2>
Build Time Elapsed:  00:00:01
</pre>
</body>
</html>
