Component: ARM Compiler 5.06 update 6 (build 750) Tool: armlink [4d35ed]

==============================================================================

Section Cross References

    main.o(i.main) refers to compctrldefine.o(i.IcResourceInit) for IcResourceInit
    main.o(i.main) refers to key.o(i.Key_Init) for Key_Init
    main.o(i.main) refers to led.o(i.LEDX_Init) for LEDX_Init
    main.o(i.main) refers to oled.o(i._OLED_Init) for _OLED_Init
    main.o(i.main) refers to hx711.o(i.HX711_Init) for HX711_Init
    main.o(i.main) refers to weight.o(i.Weight_Init) for Weight_Init
    main.o(i.main) refers to utils.o(i.Main_Loop) for Main_Loop
    sc_it.o(i.RCC_IRQHandler) refers to sc32f1xxx_rcc.o(i.SC_IncTick) for SC_IncTick
    sc_it.o(i.TIMER0_IRQHandler) refers to utils.o(i.Voice_It) for Voice_It
    sc_it.o(i.TIMER6_7_IRQHandler) refers to sc32f1xxx_tim.o(i.TIM_GetFlagStatus) for TIM_GetFlagStatus
    sc_it.o(i.TIMER6_7_IRQHandler) refers to sc32f1xxx_tim.o(i.TIM_ClearFlag) for TIM_ClearFlag
    sc_it.o(i.TIMER6_7_IRQHandler) refers to key.o(i.Key_Tick) for Key_Tick
    sc_it.o(i.UART0_2_4_IRQHandler) refers to sc32f1xxx_uart.o(i.UART_GetFlagStatus) for UART_GetFlagStatus
    sc_it.o(i.UART0_2_4_IRQHandler) refers to sc32f1xxx_uart.o(i.UART_ReceiveData) for UART_ReceiveData
    sc_it.o(i.UART0_2_4_IRQHandler) refers to sc32f1xxx_uart.o(i.UART_ClearFlag) for UART_ClearFlag
    sc_it.o(i.UART0_2_4_IRQHandler) refers to voice.o(.data) for UART2_RxData
    sc_it.o(i.UART0_2_4_IRQHandler) refers to sc_it.o(.data) for .data
    sc_it.o(i.UART0_2_4_IRQHandler) refers to voice.o(.data) for Voice_CMD
    sc_it.o(i.UART1_3_5_IRQHandler) refers to sc32f1xxx_uart.o(i.UART_GetFlagStatus) for UART_GetFlagStatus
    sc_it.o(i.UART1_3_5_IRQHandler) refers to sc32f1xxx_uart.o(i.UART_ReceiveData) for UART_ReceiveData
    sc_it.o(i.UART1_3_5_IRQHandler) refers to sc32f1xxx_uart.o(i.UART_ClearFlag) for UART_ClearFlag
    sc_it.o(i.UART1_3_5_IRQHandler) refers to main.o(.data) for UART5_RxData
    sc_it.o(i.UART1_3_5_IRQHandler) refers to main.o(.data) for UART5_Flag
    sc_init.o(i.SC_ADC_Init) refers to sc32f1xxx_adc.o(i.ADC_Init) for ADC_Init
    sc_init.o(i.SC_ADC_Init) refers to sc32f1xxx_adc.o(i.ADC_SetChannel) for ADC_SetChannel
    sc_init.o(i.SC_ADC_Init) refers to sc32f1xxx_adc.o(i.ADC_ITConfig) for ADC_ITConfig
    sc_init.o(i.SC_ADC_Init) refers to sc32f1xxx_adc.o(i.ADC_DMACmd) for ADC_DMACmd
    sc_init.o(i.SC_ADC_Init) refers to sc_init.o(i.__NVIC_SetPriority) for __NVIC_SetPriority
    sc_init.o(i.SC_ADC_Init) refers to sc_init.o(i.__NVIC_EnableIRQ) for __NVIC_EnableIRQ
    sc_init.o(i.SC_ADC_Init) refers to sc32f1xxx_adc.o(i.ADC_Cmd) for ADC_Cmd
    sc_init.o(i.SC_Init) refers to sc_init.o(i.SC_RCC_Init) for SC_RCC_Init
    sc_init.o(i.SC_Init) refers to sc_init.o(i.SC_SYSTICK_Init) for SC_SYSTICK_Init
    sc_init.o(i.SC_Init) refers to sc_init.o(i.SC_TIM0_Init) for SC_TIM0_Init
    sc_init.o(i.SC_Init) refers to sc_init.o(i.SC_TIM7_Init) for SC_TIM7_Init
    sc_init.o(i.SC_Init) refers to sc_init.o(i.SC_LED_Init) for SC_LED_Init
    sc_init.o(i.SC_Init) refers to sc_init.o(i.SC_UART2_Init) for SC_UART2_Init
    sc_init.o(i.SC_Init) refers to sc_init.o(i.SC_UART5_Init) for SC_UART5_Init
    sc_init.o(i.SC_LED_Init) refers to sc32f1xxx_rcc.o(i.RCC_Unlock) for RCC_Unlock
    sc_init.o(i.SC_LED_Init) refers to sc32f1xxx_rcc.o(i.RCC_LCDLEDCLKConfig) for RCC_LCDLEDCLKConfig
    sc_init.o(i.SC_LED_Init) refers to sc32f1xxx_rcc.o(i.RCC_APB2PeriphClockCmd) for RCC_APB2PeriphClockCmd
    sc_init.o(i.SC_LED_Init) refers to sc32f1xxx_led.o(i.LED_Init) for LED_Init
    sc_init.o(i.SC_LED_Init) refers to sc32f1xxx_led.o(i.LED_Cmd) for LED_Cmd
    sc_init.o(i.SC_OP_Init) refers to sc32f1xxx_gpio.o(i.GPIO_Init) for GPIO_Init
    sc_init.o(i.SC_OP_Init) refers to sc32f1xxx_op.o(i.OP_Init) for OP_Init
    sc_init.o(i.SC_OP_Init) refers to sc32f1xxx_op.o(i.OP_Cmd) for OP_Cmd
    sc_init.o(i.SC_OP_Init) refers to sc32f1xxx_op.o(i.OP_OffsetSet) for OP_OffsetSet
    sc_init.o(i.SC_RCC_Init) refers to sc32f1xxx_rcc.o(i.RCC_Unlock) for RCC_Unlock
    sc_init.o(i.SC_RCC_Init) refers to sc32f1xxx_rcc.o(i.RCC_HXTCmd) for RCC_HXTCmd
    sc_init.o(i.SC_RCC_Init) refers to sc32f1xxx_rcc.o(i.RCC_LXTCmd) for RCC_LXTCmd
    sc_init.o(i.SC_RCC_Init) refers to sc32f1xxx_rcc.o(i.RCC_LIRCCmd) for RCC_LIRCCmd
    sc_init.o(i.SC_RCC_Init) refers to sc32f1xxx_rcc.o(i.RCC_HIRCCmd) for RCC_HIRCCmd
    sc_init.o(i.SC_RCC_Init) refers to sc32f1xxx_rcc.o(i.RCC_ITConfig) for RCC_ITConfig
    sc_init.o(i.SC_RCC_Init) refers to sc32f1xxx_rcc.o(i.RCC_HIRCDIV1Cmd) for RCC_HIRCDIV1Cmd
    sc_init.o(i.SC_RCC_Init) refers to sc32f1xxx_rcc.o(i.RCC_SYSCLKConfig) for RCC_SYSCLKConfig
    sc_init.o(i.SC_RCC_Init) refers to sc32f1xxx_rcc.o(i.RCC_HCLKConfig) for RCC_HCLKConfig
    sc_init.o(i.SC_RCC_Init) refers to sc32f1xxx_rcc.o(i.RCC_APB2Config) for RCC_APB2Config
    sc_init.o(i.SC_RCC_Init) refers to sc32f1xxx_rcc.o(i.RCC_APB2Cmd) for RCC_APB2Cmd
[...]
    ../fplib/cfplib/fflt.c                   0x00000000   Number         0  fflti.o ABSOLUTE
    ../fplib/cfplib/fpinit.c                 0x00000000   Number         0  fpinit.o ABSOLUTE
    ../fplib/faddsub6m.s                     0x00000000   Number         0  faddsub.o ABSOLUTE
    ../fplib/fmul6m.s                        0x00000000   Number         0  fmul.o ABSOLUTE
    ../fplib/usenofp.s                       0x00000000   Number         0  usenofp.o ABSOLUTE
    ..\Algorithm\Filter.c                    0x00000000   Number         0  filter.o ABSOLUTE
    ..\Apps\Dalay.c                          0x00000000   Number         0  dalay.o ABSOLUTE
    ..\Apps\HX711.c                          0x00000000   Number         0  hx711.o ABSOLUTE
    ..\Apps\Key.c                            0x00000000   Number         0  key.o ABSOLUTE
    ..\Apps\LED.c                            0x00000000   Number         0  led.o ABSOLUTE
    ..\Apps\OLED.c                           0x00000000   Number         0  oled.o ABSOLUTE
    ..\Apps\Serial.c                         0x00000000   Number         0  serial.o ABSOLUTE
    ..\Apps\Voice.c                          0x00000000   Number         0  voice.o ABSOLUTE
    ..\Apps\Weight.c                         0x00000000   Number         0  weight.o ABSOLUTE
    ..\FWLib\SC32F1XXX_Lib\src\sc32f1xxx_adc.c 0x00000000   Number         0  sc32f1xxx_adc.o ABSOLUTE
    ..\FWLib\SC32F1XXX_Lib\src\sc32f1xxx_gpio.c 0x00000000   Number         0  sc32f1xxx_gpio.o ABSOLUTE
    ..\FWLib\SC32F1XXX_Lib\src\sc32f1xxx_led.c 0x00000000   Number         0  sc32f1xxx_led.o ABSOLUTE
    ..\FWLib\SC32F1XXX_Lib\src\sc32f1xxx_op.c 0x00000000   Number         0  sc32f1xxx_op.o ABSOLUTE
    ..\FWLib\SC32F1XXX_Lib\src\sc32f1xxx_option.c 0x00000000   Number         0  sc32f1xxx_option.o ABSOLUTE
    ..\FWLib\SC32F1XXX_Lib\src\sc32f1xxx_rcc.c 0x00000000   Number         0  sc32f1xxx_rcc.o ABSOLUTE
    ..\FWLib\SC32F1XXX_Lib\src\sc32f1xxx_tim.c 0x00000000   Number         0  sc32f1xxx_tim.o ABSOLUTE
    ..\FWLib\SC32F1XXX_Lib\src\sc32f1xxx_uart.c 0x00000000   Number         0  sc32f1xxx_uart.o ABSOLUTE
    ..\User\CallBackFunction.c               0x00000000   Number         0  callbackfunction.o ABSOLUTE
    ..\User\CompCtrlDefine.c                 0x00000000   Number         0  compctrldefine.o ABSOLUTE
    ..\User\SC_Init.c                        0x00000000   Number         0  sc_init.o ABSOLUTE
    ..\User\SC_it.c                          0x00000000   Number         0  sc_it.o ABSOLUTE
    ..\User\SysFunVarDefine.c                0x00000000   Number         0  sysfunvardefine.o ABSOLUTE
    ..\User\Utils.c                          0x00000000   Number         0  utils.o ABSOLUTE
    ..\User\main.c                           0x00000000   Number         0  main.o ABSOLUTE
    ..\User\system_sc32f1xxx.c               0x00000000   Number         0  system_sc32f1xxx.o ABSOLUTE
    ..\\Apps\\Dalay.c                        0x00000000   Number         0  dalay.o ABSOLUTE
    ..\\Apps\\HX711.c                        0x00000000   Number         0  hx711.o ABSOLUTE
    ..\\Apps\\Key.c                          0x00000000   Number         0  key.o ABSOLUTE
    ..\\Apps\\LED.c                          0x00000000   Number         0  led.o ABSOLUTE
    ..\\Apps\\OLED.c                         0x00000000   Number         0  oled.o ABSOLUTE
    ..\\Apps\\Serial.c                       0x00000000   Number         0  serial.o ABSOLUTE
    ..\\Apps\\Voice.c                        0x00000000   Number         0  voice.o ABSOLUTE
    ..\\Apps\\Weight.c                       0x00000000   Number         0  weight.o ABSOLUTE
    ..\\FWLib\\SC32F1XXX_Lib\\src\\sc32f1xxx_adc.c 0x00000000   Number         0  sc32f1xxx_adc.o ABSOLUTE
    ..\\FWLib\\SC32F1XXX_Lib\\src\\sc32f1xxx_gpio.c 0x00000000   Number         0  sc32f1xxx_gpio.o ABSOLUTE
    ..\\FWLib\\SC32F1XXX_Lib\\src\\sc32f1xxx_led.c 0x00000000   Number         0  sc32f1xxx_led.o ABSOLUTE
    ..\\FWLib\\SC32F1XXX_Lib\\src\\sc32f1xxx_op.c 0x00000000   Number         0  sc32f1xxx_op.o ABSOLUTE
    ..\\FWLib\\SC32F1XXX_Lib\\src\\sc32f1xxx_option.c 0x00000000   Number         0  sc32f1xxx_option.o ABSOLUTE
    ..\\FWLib\\SC32F1XXX_Lib\\src\\sc32f1xxx_rcc.c 0x00000000   Number         0  sc32f1xxx_rcc.o ABSOLUTE
    ..\\FWLib\\SC32F1XXX_Lib\\src\\sc32f1xxx_tim.c 0x00000000   Number         0  sc32f1xxx_tim.o ABSOLUTE
    ..\\FWLib\\SC32F1XXX_Lib\\src\\sc32f1xxx_uart.c 0x00000000   Number         0  sc32f1xxx_uart.o ABSOLUTE
    ..\\User\\CallBackFunction.c             0x00000000   Number         0  callbackfunction.o ABSOLUTE
    ..\\User\\CompCtrlDefine.c               0x00000000   Number         0  compctrldefine.o ABSOLUTE
    ..\\User\\SC_Init.c                      0x00000000   Number         0  sc_init.o ABSOLUTE
    ..\\User\\SC_it.c                        0x00000000   Number         0  sc_it.o ABSOLUTE
    ..\\User\\SysFunVarDefine.c              0x00000000   Number         0  sysfunvardefine.o ABSOLUTE
    ..\\User\\Utils.c                        0x00000000   Number         0  utils.o ABSOLUTE
    ..\\User\\main.c                         0x00000000   Number         0  main.o ABSOLUTE
    ..\\User\\system_sc32f1xxx.c             0x00000000   Number         0  system_sc32f1xxx.o ABSOLUTE
    dc.s                                     0x00000000   Number         0  dc.o ABSOLUTE
    startup_sc32f12xx.s                      0x00000000   Number         0  startup_sc32f12xx.o ABSOLUTE
    RESET                                    0x08000000   Section      192  startup_sc32f12xx.o(RESET)
    !!!main                                  0x080000c0   Section        8  __main.o(!!!main)
    !!!scatter                               0x080000c8   Section       60  __scatter.o(!!!scatter)
    !!handler_copy                           0x08000104   Section       26  __scatter_copy.o(!!handler_copy)
    !!handler_zi                             0x08000120   Section       28  __scatter_zi.o(!!handler_zi)
    .ARM.Collect$$libinit$$00000000          0x0800013c   Section        2  libinit.o(.ARM.Collect$$libinit$$00000000)
    .ARM.Collect$$libinit$$00000002          0x0800013e   Section        0  libinit2.o(.ARM.Collect$$libinit$$00000002)
    .ARM.Collect$$libinit$$00000004          0x0800013e   Section        0  libinit2.o(.ARM.Collect$$libinit$$00000004)
    .ARM.Collect$$libinit$$0000000A          0x0800013e   Section        0  libinit2.o(.ARM.Collect$$libinit$$0000000A)
    .ARM.Collect$$libinit$$0000000C          0x0800013e   Section        0  libinit2.o(.ARM.Collect$$libinit$$0000000C)
    .ARM.Collect$$libinit$$0000000E          0x0800013e   Section        0  libinit2.o(.ARM.Collect$$libinit$$0000000E)
    .ARM.Collect$$libinit$$00000011          0x0800013e   Section        0  libinit2.o(.ARM.Collect$$libinit$$00000011)
    .ARM.Collect$$libinit$$00000013          0x0800013e   Section        0  libinit2.o(.ARM.Collect$$libinit$$00000013)
    .ARM.Collect$$libinit$$00000015          0x0800013e   Section        0  libinit2.o(.ARM.Collect$$libinit$$00000015)
    .ARM.Collect$$libinit$$00000017          0x0800013e   Section        0  libinit2.o(.ARM.Collect$$libinit$$00000017)
    .ARM.Collect$$libinit$$00000019          0x0800013e   Section        0  libinit2.o(.ARM.Collect$$libinit$$00000019)
    .ARM.Collect$$libinit$$0000001B          0x0800013e   Section        0  libinit2.o(.ARM.Collect$$libinit$$0000001B)
    .ARM.Collect$$libinit$$0000001D          0x0800013e   Section        0  libinit2.o(.ARM.Collect$$libinit$$0000001D)
    .ARM.Collect$$libinit$$0000001F          0x0800013e   Section        0  libinit2.o(.ARM.Collect$$libinit$$0000001F)
    .ARM.Collect$$libinit$$00000021          0x0800013e   Section        0  libinit2.o(.ARM.Collect$$libinit$$00000021)
    .ARM.Collect$$libinit$$00000023          0x0800013e   Section        0  libinit2.o(.ARM.Collect$$libinit$$00000023)
    .ARM.Collect$$libinit$$00000025          0x0800013e   Section        0  libinit2.o(.ARM.Collect$$libinit$$00000025)
    .ARM.Collect$$libinit$$0000002C          0x0800013e   Section        0  libinit2.o(.ARM.Collect$$libinit$$0000002C)
    .ARM.Collect$$libinit$$0000002E          0x0800013e   Section        0  libinit2.o(.ARM.Collect$$libinit$$0000002E)
    .ARM.Collect$$libinit$$00000030          0x0800013e   Section        0  libinit2.o(.ARM.Collect$$libinit$$00000030)
    .ARM.Collect$$libinit$$00000032          0x0800013e   Section        0  libinit2.o(.ARM.Collect$$libinit$$00000032)
    .ARM.Collect$$libinit$$00000033          0x0800013e   Section        2  libinit2.o(.ARM.Collect$$libinit$$00000033)
    .ARM.Collect$$libshutdown$$00000000      0x08000140   Section        2  libshutdown.o(.ARM.Collect$$libshutdown$$00000000)
    .ARM.Collect$$libshutdown$$00000002      0x08000142   Section        0  libshutdown2.o(.ARM.Collect$$libshutdown$$00000002)
    .ARM.Collect$$libshutdown$$00000004      0x08000142   Section        0  libshutdown2.o(.ARM.Collect$$libshutdown$$00000004)
    .ARM.Collect$$libshutdown$$00000007      0x08000142   Section        0  libshutdown2.o(.ARM.Collect$$libshutdown$$00000007)
    .ARM.Collect$$libshutdown$$0000000A      0x08000142   Section        0  libshutdown2.o(.ARM.Collect$$libshutdown$$0000000A)
    .ARM.Collect$$libshutdown$$0000000C      0x08000142   Section        0  libshutdown2.o(.ARM.Collect$$libshutdown$$0000000C)
    .ARM.Collect$$libshutdown$$0000000F      0x08000142   Section        0  libshutdown2.o(.ARM.Collect$$libshutdown$$0000000F)
    .ARM.Collect$$libshutdown$$00000010      0x08000142   Section        2  libshutdown2.o(.ARM.Collect$$libshutdown$$00000010)
    .ARM.Collect$$rtentry$$00000000          0x08000144   Section        0  __rtentry.o(.ARM.Collect$$rtentry$$00000000)
    .ARM.Collect$$rtentry$$00000002          0x08000144   Section        0  __rtentry2.o(.ARM.Collect$$rtentry$$00000002)
    .ARM.Collect$$rtentry$$00000004          0x08000144   Section        6  __rtentry4.o(.ARM.Collect$$rtentry$$00000004)
    .ARM.Collect$$rtentry$$00000009          0x0800014a   Section        0  __rtentry2.o(.ARM.Collect$$rtentry$$00000009)
    .ARM.Collect$$rtentry$$0000000A          0x0800014a   Section        4  __rtentry2.o(.ARM.Collect$$rtentry$$0000000A)
    .ARM.Collect$$rtentry$$0000000C          0x0800014e   Section        0  __rtentry2.o(.ARM.Collect$$rtentry$$0000000C)
    .ARM.Collect$$rtentry$$0000000D          0x0800014e   Section        8  __rtentry2.o(.ARM.Collect$$rtentry$$0000000D)
    .ARM.Collect$$rtexit$$00000000           0x08000156   Section        2  rtexit.o(.ARM.Collect$$rtexit$$00000000)
    .ARM.Collect$$rtexit$$00000002           0x08000158   Section        0  rtexit2.o(.ARM.Collect$$rtexit$$00000002)
    .ARM.Collect$$rtexit$$00000003           0x08000158   Section        4  rtexit2.o(.ARM.Collect$$rtexit$$00000003)
    .ARM.Collect$$rtexit$$00000004           0x0800015c   Section        6  rtexit2.o(.ARM.Collect$$rtexit$$00000004)
    .emb_text                                0x08000164   Section       56  rt_memcpy.o(.emb_text)
    .text                                    0x0800019c   Section      196  startup_sc32f12xx.o(.text)
    .text                                    0x08000260   Section        0  llsdiv.o(.text)
    .text                                    0x080002d0   Section        0  strlen.o(.text)
    .text                                    0x08000314   Section        0  rt_memcpy.o(.text)
    .text                                    0x08000398   Section        0  strcmp.o(.text)
    .text                                    0x08000420   Section      346  aeabi_sdiv.o(.text)
    .text                                    0x0800057a   Section        0  heapauxi.o(.text)
    .text                                    0x08000580   Section        0  fdiv.o(.text)
    .text                                    0x080006e0   Section        0  ffixi.o(.text)
    .text                                    0x0800072c   Section        0  ffixui.o(.text)
    .text                                    0x0800075c   Section        0  fflti.o(.text)
    .text                                    0x080007ba   Section        0  lludiv.o(.text)
    .text                                    0x080008bc   Section       62  sys_stackheap_outer.o(.text)
    .text                                    0x080008fa   Section        0  exit.o(.text)
    .text                                    0x0800090c   Section        8  libspace.o(.text)
    i.ADC_IRQHandler                         0x08000914   Section        0  sc_it.o(i.ADC_IRQHandler)
    i.BTM_IRQHandler                         0x08000916   Section        0  sc_it.o(i.BTM_IRQHandler)
    i.CMP_IRQHandler                         0x08000918   Section        0  sc_it.o(i.CMP_IRQHandler)
    i.DMA0_IRQHandler                        0x0800091a   Section        0  sc_it.o(i.DMA0_IRQHandler)
    i.DMA1_IRQHandler                        0x0800091c   Section        0  sc_it.o(i.DMA1_IRQHandler)
    i.Delay_ms                               0x0800091e   Section        0  dalay.o(i.Delay_ms)
    i.Delay_s                                0x08000934   Section        0  dalay.o(i.Delay_s)
    i.Delay_us                               0x0800094c   Section        0  dalay.o(i.Delay_us)
    i.Filter_Init                            0x0800096c   Section        0  filter.o(i.Filter_Init)
    i.Filter_Update                          0x0800098e   Section        0  filter.o(i.Filter_Update)
    i.GPIO_Init                              0x08000a12   Section        0  sc32f1xxx_gpio.o(i.GPIO_Init)
    i.GPIO_ReadDataBit                       0x08000a72   Section        0  sc32f1xxx_gpio.o(i.GPIO_ReadDataBit)
    i.GPIO_ResetBits                         0x08000a7c   Section        0  sc32f1xxx_gpio.o(i.GPIO_ResetBits)
    i.GPIO_SetBits                           0x08000a9a   Section        0  sc32f1xxx_gpio.o(i.GPIO_SetBits)
    i.GPIO_WriteBit                          0x08000ab8   Section        0  sc32f1xxx_gpio.o(i.GPIO_WriteBit)
    i.HX711_DATA_In                          0x08000ac8   Section        0  hx711.o(i.HX711_DATA_In)
    i.HX711_DATA_Out                         0x08000ae4   Section        0  hx711.o(i.HX711_DATA_Out)
    i.HX711_Init                             0x08000b00   Section        0  hx711.o(i.HX711_Init)
    i.HX711_Read                             0x08000b3c   Section        0  hx711.o(i.HX711_Read)
    i.INT0_IRQHandler                        0x08000bec   Section        0  sc_it.o(i.INT0_IRQHandler)
    i.INT12_15_IRQHandler                    0x08000bee   Section        0  sc_it.o(i.INT12_15_IRQHandler)
    i.INT1_7_IRQHandler                      0x08000bf0   Section        0  sc_it.o(i.INT1_7_IRQHandler)
    i.INT8_11_IRQHandler                     0x08000bf2   Section        0  sc_it.o(i.INT8_11_IRQHandler)
    i.IcResourceInit                         0x08000bf4   Section        0  compctrldefine.o(i.IcResourceInit)
    i.Key_Check                              0x08000bfc   Section        0  key.o(i.Key_Check)
    i.Key_GetState                           0x08000c1c   Section        0  key.o(i.Key_GetState)
    i.Key_Init                               0x08000c60   Section        0  key.o(i.Key_Init)
    i.Key_Tick                               0x08000cb8   Section        0  key.o(i.Key_Tick)
    i.LEDPWM_IRQHandler                      0x08000de4   Section        0  sc_it.o(i.LEDPWM_IRQHandler)
    i.LEDX_Init                              0x08000de8   Section        0  led.o(i.LEDX_Init)
    i.LEDX_Off                               0x08000e2c   Section        0  led.o(i.LEDX_Off)
    i.LEDX_On                                0x08000e68   Section        0  led.o(i.LEDX_On)
    i.LEDX_Shine                             0x08000ea4   Section        0  led.o(i.LEDX_Shine)
    i.LED_Cmd                                0x08000eec   Section        0  sc32f1xxx_led.o(i.LED_Cmd)
    i.LED_Init                               0x08000f0c   Section        0  sc32f1xxx_led.o(i.LED_Init)
    i.Main_Loop                              0x08000f44   Section        0  utils.o(i.Main_Loop)
    i.OLED_I2C_Init                          0x08000fac   Section        0  oled.o(i.OLED_I2C_Init)
    i.OLED_I2C_SendByte                      0x08000fe8   Section        0  oled.o(i.OLED_I2C_SendByte)
    i.OLED_I2C_Start                         0x08001040   Section        0  oled.o(i.OLED_I2C_Start)
    i.OLED_I2C_Stop                          0x08001078   Section        0  oled.o(i.OLED_I2C_Stop)
    i.OLED_SetCursor                         0x080010a4   Section        0  oled.o(i.OLED_SetCursor)
    i.OLED_ShowChar                          0x080010c4   Section        0  oled.o(i.OLED_ShowChar)
    i.OLED_ShowChinese                       0x08001120   Section        0  oled.o(i.OLED_ShowChinese)
    i.OLED_ShowChinese2                      0x0800122c   Section        0  oled.o(i.OLED_ShowChinese2)
    i.OLED_ShowFloat                         0x080012ac   Section        0  oled.o(i.OLED_ShowFloat)
    i.OLED_ShowInt                           0x0800142a   Section        0  oled.o(i.OLED_ShowInt)
    i.OLED_WriteCommand                      0x080014f0   Section        0  oled.o(i.OLED_WriteCommand)
    i.OLED_WriteData                         0x08001510   Section        0  oled.o(i.OLED_WriteData)
    i.PWM0_IRQHandler                        0x08001530   Section        0  sc_it.o(i.PWM0_IRQHandler)
    i.Printf_UartInit                        0x08001534   Section        0  sc32f1xxx_uart.o(i.Printf_UartInit)
    i.RCC_APB0Cmd                            0x08001540   Section        0  sc32f1xxx_rcc.o(i.RCC_APB0Cmd)
    i.RCC_APB0Config                         0x08001558   Section        0  sc32f1xxx_rcc.o(i.RCC_APB0Config)
    i.RCC_APB0PeriphClockCmd                 0x08001570   Section        0  sc32f1xxx_rcc.o(i.RCC_APB0PeriphClockCmd)
    i.RCC_APB1Cmd                            0x08001588   Section        0  sc32f1xxx_rcc.o(i.RCC_APB1Cmd)
    i.RCC_APB1Config                         0x080015a4   Section        0  sc32f1xxx_rcc.o(i.RCC_APB1Config)
    i.RCC_APB1PeriphClockCmd                 0x080015bc   Section        0  sc32f1xxx_rcc.o(i.RCC_APB1PeriphClockCmd)
    i.RCC_APB2Cmd                            0x080015d4   Section        0  sc32f1xxx_rcc.o(i.RCC_APB2Cmd)
    i.RCC_APB2Config                         0x080015f0   Section        0  sc32f1xxx_rcc.o(i.RCC_APB2Config)
    i.RCC_APB2PeriphClockCmd                 0x08001608   Section        0  sc32f1xxx_rcc.o(i.RCC_APB2PeriphClockCmd)
    i.RCC_HCLKConfig                         0x08001620   Section        0  sc32f1xxx_rcc.o(i.RCC_HCLKConfig)
    i.RCC_HIRCCmd                            0x08001638   Section        0  sc32f1xxx_rcc.o(i.RCC_HIRCCmd)
    i.RCC_HIRCDIV1Cmd                        0x0800165c   Section        0  sc32f1xxx_rcc.o(i.RCC_HIRCDIV1Cmd)
    i.RCC_HXTCmd                             0x08001680   Section        0  sc32f1xxx_rcc.o(i.RCC_HXTCmd)
    i.RCC_IRQHandler                         0x080016a4   Section        0  sc_it.o(i.RCC_IRQHandler)
    i.RCC_ITConfig                           0x080016ac   Section        0  sc32f1xxx_rcc.o(i.RCC_ITConfig)
    i.RCC_LCDLEDCLKConfig                    0x080016d0   Section        0  sc32f1xxx_rcc.o(i.RCC_LCDLEDCLKConfig)
    i.RCC_LIRCCmd                            0x080016f0   Section        0  sc32f1xxx_rcc.o(i.RCC_LIRCCmd)
    i.RCC_LXTCmd                             0x08001714   Section        0  sc32f1xxx_rcc.o(i.RCC_LXTCmd)
    i.RCC_SYSCLKConfig                       0x08001738   Section        0  sc32f1xxx_rcc.o(i.RCC_SYSCLKConfig)
    i.RCC_SystickCLKConfig                   0x080017b0   Section        0  sc32f1xxx_rcc.o(i.RCC_SystickCLKConfig)
    i.RCC_SystickCmd                         0x080017ec   Section        0  sc32f1xxx_rcc.o(i.RCC_SystickCmd)
    i.RCC_SystickSetCounter                  0x08001808   Section        0  sc32f1xxx_rcc.o(i.RCC_SystickSetCounter)
    i.RCC_Unlock                             0x08001824   Section        0  sc32f1xxx_rcc.o(i.RCC_Unlock)
    i.SC_IncTick                             0x08001838   Section        0  sc32f1xxx_rcc.o(i.SC_IncTick)
    i.SC_Init                                0x08001848   Section        0  sc_init.o(i.SC_Init)
    i.SC_LED_Init                            0x08001868   Section        0  sc_init.o(i.SC_LED_Init)
    i.SC_RCC_Init                            0x080018ac   Section        0  sc_init.o(i.SC_RCC_Init)
    i.SC_SYSTICK_Init                        0x08001910   Section        0  sc_init.o(i.SC_SYSTICK_Init)
    i.SC_TIM0_Init                           0x08001938   Section        0  sc_init.o(i.SC_TIM0_Init)
    i.SC_TIM7_Init                           0x080019cc   Section        0  sc_init.o(i.SC_TIM7_Init)
    i.SC_UART2_Init                          0x08001a60   Section        0  sc_init.o(i.SC_UART2_Init)
    i.SC_UART5_Init                          0x08001b24   Section        0  sc_init.o(i.SC_UART5_Init)
    i.SPI0_IRQHandler                        0x08001bc4   Section        0  sc_it.o(i.SPI0_IRQHandler)
    i.SPI1_2_IRQHandler                      0x08001bc6   Section        0  sc_it.o(i.SPI1_2_IRQHandler)
    i.Scale_Init                             0x08001bc8   Section        0  utils.o(i.Scale_Init)
    i.Serial_SendArray                       0x08001bf0   Section        0  voice.o(i.Serial_SendArray)
    i.Serial_SendByte                        0x08001c0c   Section        0  voice.o(i.Serial_SendByte)
    i.Switch_Function                        0x08001c34   Section        0  utils.o(i.Switch_Function)
    i.SysTick_IRQHandler                     0x08001d00   Section        0  sc_it.o(i.SysTick_IRQHandler)
    i.SystemInit                             0x08001d04   Section        0  system_sc32f1xxx.o(i.SystemInit)
    i.System_Announce                        0x08001d14   Section        0  utils.o(i.System_Announce)
    i.System_Calibration                     0x08001d38   Section        0  utils.o(i.System_Calibration)
    i.System_Init                            0x08001dd4   Section        0  utils.o(i.System_Init)
    i.System_Normal                          0x08001df8   Section        0  utils.o(i.System_Normal)
    i.System_OFF                             0x08001ec4   Section        0  utils.o(i.System_OFF)
    i.TIMER0_IRQHandler                      0x08001ef0   Section        0  sc_it.o(i.TIMER0_IRQHandler)
    i.TIMER1_IRQHandler                      0x08001ef8   Section        0  sc_it.o(i.TIMER1_IRQHandler)
    i.TIMER2_IRQHandler                      0x08001efa   Section        0  sc_it.o(i.TIMER2_IRQHandler)
    i.TIMER3_IRQHandler                      0x08001efc   Section        0  sc_it.o(i.TIMER3_IRQHandler)
    i.TIMER4_5_IRQHandler                    0x08001efe   Section        0  sc_it.o(i.TIMER4_5_IRQHandler)
    i.TIMER6_7_IRQHandler                    0x08001f00   Section        0  sc_it.o(i.TIMER6_7_IRQHandler)
    i.TIM_ClearFlag                          0x08001f24   Section        0  sc32f1xxx_tim.o(i.TIM_ClearFlag)
    i.TIM_Cmd                                0x08001f28   Section        0  sc32f1xxx_tim.o(i.TIM_Cmd)
    i.TIM_GetFlagStatus                      0x08001f40   Section        0  sc32f1xxx_tim.o(i.TIM_GetFlagStatus)
    i.TIM_ICCmd                              0x08001f50   Section        0  sc32f1xxx_tim.o(i.TIM_ICCmd)
    i.TIM_ICInit                             0x08001f68   Section        0  sc32f1xxx_tim.o(i.TIM_ICInit)
    i.TIM_ITConfig                           0x08001f7e   Section        0  sc32f1xxx_tim.o(i.TIM_ITConfig)
    i.TIM_PWMInit                            0x08001f92   Section        0  sc32f1xxx_tim.o(i.TIM_PWMInit)
    i.TIM_PWMSetDuty                         0x08001fac   Section        0  sc32f1xxx_tim.o(i.TIM_PWMSetDuty)
    i.TIM_TIMBaseInit                        0x08001fbc   Section        0  sc32f1xxx_tim.o(i.TIM_TIMBaseInit)
    i.TWI0_IRQHandler                        0x08001fe4   Section        0  sc_it.o(i.TWI0_IRQHandler)
    i.TWI1_IRQHandler                        0x08001fe6   Section        0  sc_it.o(i.TWI1_IRQHandler)
    i.UART0_2_4_IRQHandler                   0x08001fe8   Section        0  sc_it.o(i.UART0_2_4_IRQHandler)
    i.UART1_3_5_IRQHandler                   0x08002074   Section        0  sc_it.o(i.UART1_3_5_IRQHandler)
    i.UART_ClearFlag                         0x080020ac   Section        0  sc32f1xxx_uart.o(i.UART_ClearFlag)
    i.UART_GetFlagStatus                     0x080020b0   Section        0  sc32f1xxx_uart.o(i.UART_GetFlagStatus)
    i.UART_ITConfig                          0x080020be   Section        0  sc32f1xxx_uart.o(i.UART_ITConfig)
    i.UART_Init                              0x080020d4   Section        0  sc32f1xxx_uart.o(i.UART_Init)
    i.UART_PinRemapConfig                    0x08002118   Section        0  sc32f1xxx_uart.o(i.UART_PinRemapConfig)
    i.UART_RXCmd                             0x08002128   Section        0  sc32f1xxx_uart.o(i.UART_RXCmd)
    i.UART_ReceiveData                       0x08002140   Section        0  sc32f1xxx_uart.o(i.UART_ReceiveData)
    i.UART_SendData                          0x08002148   Section        0  sc32f1xxx_uart.o(i.UART_SendData)
    i.UART_TXCmd                             0x08002150   Section        0  sc32f1xxx_uart.o(i.UART_TXCmd)
    i.UI_Display                             0x08002168   Section        0  utils.o(i.UI_Display)
    i.UI_ShowWeight                          0x08002318   Section        0  utils.o(i.UI_ShowWeight)
    i.Voice_It                               0x0800239c   Section        0  utils.o(i.Voice_It)
    i.Voice_ReceiveCMD                       0x0800240c   Section        0  voice.o(i.Voice_ReceiveCMD)
    i.Voice_SendOV                           0x08002464   Section        0  voice.o(i.Voice_SendOV)
    i.Voice_SendWA                           0x08002484   Section        0  voice.o(i.Voice_SendWA)
    i.Weight_Calibrate                       0x0800252c   Section        0  weight.o(i.Weight_Calibrate)
    i.Weight_GetTare                         0x08002554   Section        0  weight.o(i.Weight_GetTare)
    i.Weight_GetWeight                       0x0800256c   Section        0  weight.o(i.Weight_GetWeight)
    i.Weight_Init                            0x08002598   Section        0  weight.o(i.Weight_Init)
    i.Weight_SetZero                         0x080025c8   Section        0  weight.o(i.Weight_SetZero)
    i.Weight_Tare                            0x080025d8   Section        0  weight.o(i.Weight_Tare)
    i.Weight_TareC                           0x080025f4   Section        0  weight.o(i.Weight_TareC)
    i.Weight_Update                          0x08002608   Section        0  weight.o(i.Weight_Update)
    i._OLED_Clear                            0x08002644   Section        0  oled.o(i._OLED_Clear)
    i._OLED_Init                             0x0800266a   Section        0  oled.o(i._OLED_Init)
    i.__ARM_common_switch8                   0x08002714   Section        0  utils.o(i.__ARM_common_switch8)
    i.__NVIC_EnableIRQ                       0x08002730   Section        0  sc_init.o(i.__NVIC_EnableIRQ)
    __NVIC_EnableIRQ                         0x08002731   Thumb Code    18  sc_init.o(i.__NVIC_EnableIRQ)
    i.__NVIC_SetPriority                     0x08002748   Section        0  sc_init.o(i.__NVIC_SetPriority)
    __NVIC_SetPriority                       0x08002749   Thumb Code    60  sc_init.o(i.__NVIC_SetPriority)
    i._char_byte_len                         0x0800278c   Section        0  oled.o(i._char_byte_len)
    _char_byte_len                           0x0800278d   Thumb Code    44  oled.o(i._char_byte_len)
    i._sys_exit                              0x080027b8   Section        0  sc32f1xxx_uart.o(i._sys_exit)
    i.main                                   0x080027ba   Section        0  main.o(i.main)
    x$fpl$fadd                               0x080027d8   Section      140  faddsub.o(x$fpl$fadd)
    _fadd1                                   0x080027e5   Thumb Code     0  faddsub.o(x$fpl$fadd)
    x$fpl$fmul                               0x08002864   Section      176  fmul.o(x$fpl$fmul)
    x$fpl$frsb                               0x08002914   Section       24  faddsub.o(x$fpl$frsb)
    x$fpl$fsub                               0x0800292c   Section      208  faddsub.o(x$fpl$fsub)
    _fsub1                                   0x08002939   Thumb Code     0  faddsub.o(x$fpl$fsub)
    .constdata                               0x080029fc   Section     2528  oled.o(.constdata)
    x$fpl$usenofp                            0x080029fc   Section        0  usenofp.o(x$fpl$usenofp)
    .constdata                               0x080033dc   Section       64  fdiv.o(.constdata)
    fdiv_tab                                 0x080033dc   Data          64  fdiv.o(.constdata)
    .data                                    0x20000000   Section        1  main.o(.data)
    .data                                    0x20000002   Section        2  main.o(.data)
    .data                                    0x20000004   Section        1  sc_it.o(.data)
    RxState                                  0x20000004   Data           1  sc_it.o(.data)
    .data                                    0x20000008   Section       16  utils.o(.data)
    Scale                                    0x20000014   Data           4  utils.o(.data)
    .data                                    0x20000018   Section       22  key.o(.data)
    Count                                    0x20000018   Data           1  key.o(.data)
    i                                        0x20000019   Data           1  key.o(.data)
    CurrState                                0x2000001a   Data           5  key.o(.data)
    PrevState                                0x2000001f   Data           5  key.o(.data)
    S                                        0x20000024   Data           5  key.o(.data)
    .data                                    0x20000030   Section       20  weight.o(.data)
    is_tared                                 0x20000030   Data           1  weight.o(.data)
    raw_offset                               0x20000034   Data           4  weight.o(.data)
    tare_offset                              0x20000038   Data           4  weight.o(.data)
    gap_value                                0x2000003c   Data           4  weight.o(.data)
    current_raw                              0x20000040   Data           4  weight.o(.data)
    .data                                    0x20000044   Section        2  voice.o(.data)
    .data                                    0x20000046   Section        1  voice.o(.data)
    .data                                    0x20000048   Section        4  sc32f1xxx_rcc.o(.data)
    .data                                    0x2000004c   Section        4  sc32f1xxx_uart.o(.data)
    .bss                                     0x20000050   Section       24  utils.o(.bss)
    myScale                                  0x20000050   Data          24  utils.o(.bss)
    .bss                                     0x20000068   Section       10  key.o(.bss)
    Time                                     0x20000068   Data          10  key.o(.bss)
    .bss                                     0x20000078   Section       72  weight.o(.bss)
    weight_filter                            0x20000078   Data          72  weight.o(.bss)
    .bss                                     0x200000c0   Section       32  oled.o(.bss)
    .bss                                     0x200000e0   Section       96  libspace.o(.bss)
    HEAP                                     0x20000140   Section      512  startup_sc32f12xx.o(HEAP)
    Heap_Mem                                 0x20000140   Data         512  startup_sc32f12xx.o(HEAP)
    STACK                                    0x20000340   Section     1280  startup_sc32f12xx.o(STACK)
    Stack_Mem                                0x20000340   Data        1280  startup_sc32f12xx.o(STACK)
    __initial_sp                             0x20000840   Data           0  startup_sc32f12xx.o(STACK)

    Global Symbols

    Symbol Name                              Value     Ov Type        Size  Object(Section)

    BuildAttributes$$THM_ISAv3M$S$PE$A:L22$X:L11$S22$IEEE1$IW$USESV6$~STKCKD$USESV7$~SHL$OSPACE$ROPI$EBA8$UX$STANDARDLIB$REQ8$PRES8$EABIv2 0x00000000   Number         0  anon$$obj.o ABSOLUTE
    __ARM_use_no_argv                        0x00000000   Number         0  main.o ABSOLUTE
    __ARM_exceptions_init                     - Undefined Weak Reference
    __alloca_initialize                       - Undefined Weak Reference
    __arm_preinit_                            - Undefined Weak Reference
    __cpp_initialize__aeabi_                  - Undefined Weak Reference
    __cxa_finalize                            - Undefined Weak Reference
    __rt_locale                               - Undefined Weak Reference
    __sigvec_lookup                           - Undefined Weak Reference
    _atexit_init                              - Undefined Weak Reference
    _call_atexit_fns                          - Undefined Weak Reference
    _clock_init                               - Undefined Weak Reference
    _fp_trap_init                             - Undefined Weak Reference
    _fp_trap_shutdown                         - Undefined Weak Reference
    _get_lc_collate                           - Undefined Weak Reference
    _get_lc_ctype                             - Undefined Weak Reference
    _get_lc_monetary                          - Undefined Weak Reference
    _get_lc_numeric                           - Undefined Weak Reference
    _get_lc_time                              - Undefined Weak Reference
    _getenv_init                              - Undefined Weak Reference
    _handle_redirection                       - Undefined Weak Reference
    _init_alloc                               - Undefined Weak Reference
    _init_user_alloc                          - Undefined Weak Reference
    _initio                                   - Undefined Weak Reference
    _rand_init                                - Undefined Weak Reference
    _signal_finish                            - Undefined Weak Reference
    _signal_init                              - Undefined Weak Reference
    _terminate_alloc                          - Undefined Weak Reference
    _terminate_user_alloc                     - Undefined Weak Reference
    _terminateio                              - Undefined Weak Reference
    __Vectors_Size                           0x000000c0   Number         0  startup_sc32f12xx.o ABSOLUTE
    __Vectors                                0x08000000   Data           4  startup_sc32f12xx.o(RESET)
    __Vectors_End                            0x080000c0   Data           0  startup_sc32f12xx.o(RESET)
    __main                                   0x080000c1   Thumb Code     8  __main.o(!!!main)
    __scatterload                            0x080000c9   Thumb Code     0  __scatter.o(!!!scatter)
    __scatterload_rt2                        0x080000c9   Thumb Code    52  __scatter.o(!!!scatter)
    __scatterload_rt2_thumb_only             0x080000c9   Thumb Code     0  __scatter.o(!!!scatter)
    __scatterload_null                       0x080000d9   Thumb Code     0  __scatter.o(!!!scatter)
    __scatterload_copy                       0x08000105   Thumb Code    26  __scatter_copy.o(!!handler_copy)
    __scatterload_zeroinit                   0x08000121   Thumb Code    28  __scatter_zi.o(!!handler_zi)
    __rt_lib_init                            0x0800013d   Thumb Code     0  libinit.o(.ARM.Collect$$libinit$$00000000)
    __rt_lib_init_alloca_1                   0x0800013f   Thumb Code     0  libinit2.o(.ARM.Collect$$libinit$$0000002E)
    __rt_lib_init_argv_1                     0x0800013f   Thumb Code     0  libinit2.o(.ARM.Collect$$libinit$$0000002C)
    __rt_lib_init_atexit_1                   0x0800013f   Thumb Code     0  libinit2.o(.ARM.Collect$$libinit$$0000001B)
    __rt_lib_init_clock_1                    0x0800013f   Thumb Code     0  libinit2.o(.ARM.Collect$$libinit$$00000021)
    __rt_lib_init_cpp_1                      0x0800013f   Thumb Code     0  libinit2.o(.ARM.Collect$$libinit$$00000032)
    __rt_lib_init_exceptions_1               0x0800013f   Thumb Code     0  libinit2.o(.ARM.Collect$$libinit$$00000030)
    __rt_lib_init_fp_1                       0x0800013f   Thumb Code     0  libinit2.o(.ARM.Collect$$libinit$$00000002)
    __rt_lib_init_fp_trap_1                  0x0800013f   Thumb Code     0  libinit2.o(.ARM.Collect$$libinit$$0000001F)
    __rt_lib_init_getenv_1                   0x0800013f   Thumb Code     0  libinit2.o(.ARM.Collect$$libinit$$00000023)
    __rt_lib_init_heap_1                     0x0800013f   Thumb Code     0  libinit2.o(.ARM.Collect$$libinit$$0000000A)
    __rt_lib_init_lc_collate_1               0x0800013f   Thumb Code     0  libinit2.o(.ARM.Collect$$libinit$$00000011)
    __rt_lib_init_lc_ctype_1                 0x0800013f   Thumb Code     0  libinit2.o(.ARM.Collect$$libinit$$00000013)
    __rt_lib_init_lc_monetary_1              0x0800013f   Thumb Code     0  libinit2.o(.ARM.Collect$$libinit$$00000015)
    __rt_lib_init_lc_numeric_1               0x0800013f   Thumb Code     0  libinit2.o(.ARM.Collect$$libinit$$00000017)
    __rt_lib_init_lc_time_1                  0x0800013f   Thumb Code     0  libinit2.o(.ARM.Collect$$libinit$$00000019)
    __rt_lib_init_preinit_1                  0x0800013f   Thumb Code     0  libinit2.o(.ARM.Collect$$libinit$$00000004)
    __rt_lib_init_rand_1                     0x0800013f   Thumb Code     0  libinit2.o(.ARM.Collect$$libinit$$0000000E)
    __rt_lib_init_return                     0x0800013f   Thumb Code     0  libinit2.o(.ARM.Collect$$libinit$$00000033)
    __rt_lib_init_signal_1                   0x0800013f   Thumb Code     0  libinit2.o(.ARM.Collect$$libinit$$0000001D)
    __rt_lib_init_stdio_1                    0x0800013f   Thumb Code     0  libinit2.o(.ARM.Collect$$libinit$$00000025)
    __rt_lib_init_user_alloc_1               0x0800013f   Thumb Code     0  libinit2.o(.ARM.Collect$$libinit$$0000000C)
    __rt_lib_shutdown                        0x08000141   Thumb Code     0  libshutdown.o(.ARM.Collect$$libshutdown$$00000000)
    __rt_lib_shutdown_cpp_1                  0x08000143   Thumb Code     0  libshutdown2.o(.ARM.Collect$$libshutdown$$00000002)
    __rt_lib_shutdown_fp_trap_1              0x08000143   Thumb Code     0  libshutdown2.o(.ARM.Collect$$libshutdown$$00000007)
    __rt_lib_shutdown_heap_1                 0x08000143   Thumb Code     0  libshutdown2.o(.ARM.Collect$$libshutdown$$0000000F)
    __rt_lib_shutdown_return                 0x08000143   Thumb Code     0  libshutdown2.o(.ARM.Collect$$libshutdown$$00000010)
    __rt_lib_shutdown_signal_1               0x08000143   Thumb Code     0  libshutdown2.o(.ARM.Collect$$libshutdown$$0000000A)
    __rt_lib_shutdown_stdio_1                0x08000143   Thumb Code     0  libshutdown2.o(.ARM.Collect$$libshutdown$$00000004)
    __rt_lib_shutdown_user_alloc_1           0x08000143   Thumb Code     0  libshutdown2.o(.ARM.Collect$$libshutdown$$0000000C)
    __rt_entry                               0x08000145   Thumb Code     0  __rtentry.o(.ARM.Collect$$rtentry$$00000000)
    __rt_entry_presh_1                       0x08000145   Thumb Code     0  __rtentry2.o(.ARM.Collect$$rtentry$$00000002)
    __rt_entry_sh                            0x08000145   Thumb Code     0  __rtentry4.o(.ARM.Collect$$rtentry$$00000004)
    __rt_entry_li                            0x0800014b   Thumb Code     0  __rtentry2.o(.ARM.Collect$$rtentry$$0000000A)
    __rt_entry_postsh_1                      0x0800014b   Thumb Code     0  __rtentry2.o(.ARM.Collect$$rtentry$$00000009)
    __rt_entry_main                          0x0800014f   Thumb Code     0  __rtentry2.o(.ARM.Collect$$rtentry$$0000000D)
    __rt_entry_postli_1                      0x0800014f   Thumb Code     0  __rtentry2.o(.ARM.Collect$$rtentry$$0000000C)
    __rt_exit                                0x08000157   Thumb Code     0  rtexit.o(.ARM.Collect$$rtexit$$00000000)
    __rt_exit_ls                             0x08000159   Thumb Code     0  rtexit2.o(.ARM.Collect$$rtexit$$00000003)
    __rt_exit_prels_1                        0x08000159   Thumb Code     0  rtexit2.o(.ARM.Collect$$rtexit$$00000002)
    __rt_exit_exit                           0x0800015d   Thumb Code     0  rtexit2.o(.ARM.Collect$$rtexit$$00000004)
    __aeabi_memcpy4                          0x08000165   Thumb Code    56  rt_memcpy.o(.emb_text)
    __aeabi_memcpy8                          0x08000165   Thumb Code     0  rt_memcpy.o(.emb_text)
    Reset_Handler                            0x0800019d   Thumb Code    76  startup_sc32f12xx.o(.text)
    NMI_Handler                              0x080001e9   Thumb Code     2  startup_sc32f12xx.o(.text)
    HardFault_Handler                        0x080001eb   Thumb Code     2  startup_sc32f12xx.o(.text)
    MemManage_Handler                        0x080001ed   Thumb Code     2  startup_sc32f12xx.o(.text)
    BusFault_Handler                         0x080001ef   Thumb Code     2  startup_sc32f12xx.o(.text)
    UsageFault_Handler                       0x080001f1   Thumb Code     2  startup_sc32f12xx.o(.text)
    SVC_Handler                              0x080001f3   Thumb Code     2  startup_sc32f12xx.o(.text)
    DebugMon_Handler                         0x080001f5   Thumb Code     2  startup_sc32f12xx.o(.text)
    PendSV_Handler                           0x080001f7   Thumb Code     2  startup_sc32f12xx.o(.text)
    TK_IRQHandler                            0x080001fb   Thumb Code     0  startup_sc32f12xx.o(.text)
    __user_initial_stackheap                 0x080001fd   Thumb Code     0  startup_sc32f12xx.o(.text)
    __aeabi_ldivmod                          0x08000261   Thumb Code   112  llsdiv.o(.text)
    _ll_sdiv                                 0x08000261   Thumb Code     0  llsdiv.o(.text)
    strlen                                   0x080002d1   Thumb Code    62  strlen.o(.text)
    __aeabi_memcpy                           0x08000315   Thumb Code   130  rt_memcpy.o(.text)
    __rt_memcpy                              0x08000315   Thumb Code     0  rt_memcpy.o(.text)
    strcmp                                   0x08000399   Thumb Code   132  strcmp.o(.text)
    __aeabi_uidiv                            0x08000421   Thumb Code     0  aeabi_sdiv.o(.text)
    __aeabi_uidivmod                         0x08000421   Thumb Code    20  aeabi_sdiv.o(.text)
    __aeabi_idiv                             0x08000435   Thumb Code     0  aeabi_sdiv.o(.text)
    __aeabi_idivmod                          0x08000435   Thumb Code   326  aeabi_sdiv.o(.text)
    __use_two_region_memory                  0x0800057b   Thumb Code     2  heapauxi.o(.text)
    __rt_heap_escrow$2region                 0x0800057d   Thumb Code     2  heapauxi.o(.text)
    __rt_heap_expand$2region                 0x0800057f   Thumb Code     2  heapauxi.o(.text)
    __aeabi_fdiv                             0x08000581   Thumb Code     0  fdiv.o(.text)
    _fdiv                                    0x08000581   Thumb Code   334  fdiv.o(.text)
    _frdiv                                   0x080006cf   Thumb Code     8  fdiv.o(.text)
    __aeabi_f2iz                             0x080006e1   Thumb Code     0  ffixi.o(.text)
    _ffix                                    0x080006e1   Thumb Code    76  ffixi.o(.text)
    __aeabi_f2uiz                            0x0800072d   Thumb Code     0  ffixui.o(.text)
    _ffixu                                   0x0800072d   Thumb Code    48  ffixui.o(.text)
    __aeabi_i2f_normalise                    0x0800075d   Thumb Code    72  fflti.o(.text)
    __aeabi_i2f                              0x080007a5   Thumb Code    16  fflti.o(.text)
    _fflt                                    0x080007a5   Thumb Code     0  fflti.o(.text)
    __aeabi_ui2f                             0x080007b5   Thumb Code     6  fflti.o(.text)
    _ffltu                                   0x080007b5   Thumb Code     0  fflti.o(.text)
    __aeabi_uldivmod                         0x080007bb   Thumb Code   258  lludiv.o(.text)
    _ll_udiv                                 0x080007bb   Thumb Code     0  lludiv.o(.text)
    __user_setup_stackheap                   0x080008bd   Thumb Code    62  sys_stackheap_outer.o(.text)
    exit                                     0x080008fb   Thumb Code    16  exit.o(.text)
    __user_libspace                          0x0800090d   Thumb Code     8  libspace.o(.text)
    __user_perproc_libspace                  0x0800090d   Thumb Code     0  libspace.o(.text)
    __user_perthread_libspace                0x0800090d   Thumb Code     0  libspace.o(.text)
    ADC_IRQHandler                           0x08000915   Thumb Code     2  sc_it.o(i.ADC_IRQHandler)
    BTM_IRQHandler                           0x08000917   Thumb Code     2  sc_it.o(i.BTM_IRQHandler)
    CMP_IRQHandler                           0x08000919   Thumb Code     2  sc_it.o(i.CMP_IRQHandler)
    DMA0_IRQHandler                          0x0800091b   Thumb Code     2  sc_it.o(i.DMA0_IRQHandler)
    DMA1_IRQHandler                          0x0800091d   Thumb Code     2  sc_it.o(i.DMA1_IRQHandler)
    Delay_ms                                 0x0800091f   Thumb Code    22  dalay.o(i.Delay_ms)
    Delay_s                                  0x08000935   Thumb Code    22  dalay.o(i.Delay_s)
    Delay_us                                 0x0800094d   Thumb Code    28  dalay.o(i.Delay_us)
    Filter_Init                              0x0800096d   Thumb Code    34  filter.o(i.Filter_Init)
    Filter_Update                            0x0800098f   Thumb Code   132  filter.o(i.Filter_Update)
    GPIO_Init                                0x08000a13   Thumb Code    96  sc32f1xxx_gpio.o(i.GPIO_Init)
    GPIO_ReadDataBit                         0x08000a73   Thumb Code    10  sc32f1xxx_gpio.o(i.GPIO_ReadDataBit)
    GPIO_ResetBits                           0x08000a7d   Thumb Code    30  sc32f1xxx_gpio.o(i.GPIO_ResetBits)
    GPIO_SetBits                             0x08000a9b   Thumb Code    30  sc32f1xxx_gpio.o(i.GPIO_SetBits)
    GPIO_WriteBit                            0x08000ab9   Thumb Code    16  sc32f1xxx_gpio.o(i.GPIO_WriteBit)
    HX711_DATA_In                            0x08000ac9   Thumb Code    24  hx711.o(i.HX711_DATA_In)
    HX711_DATA_Out                           0x08000ae5   Thumb Code    24  hx711.o(i.HX711_DATA_Out)
    HX711_Init                               0x08000b01   Thumb Code    56  hx711.o(i.HX711_Init)
    HX711_Read                               0x08000b3d   Thumb Code   168  hx711.o(i.HX711_Read)
    INT0_IRQHandler                          0x08000bed   Thumb Code     2  sc_it.o(i.INT0_IRQHandler)
    INT12_15_IRQHandler                      0x08000bef   Thumb Code     2  sc_it.o(i.INT12_15_IRQHandler)
    INT1_7_IRQHandler                        0x08000bf1   Thumb Code     2  sc_it.o(i.INT1_7_IRQHandler)
    INT8_11_IRQHandler                       0x08000bf3   Thumb Code     2  sc_it.o(i.INT8_11_IRQHandler)
    IcResourceInit                           0x08000bf5   Thumb Code     8  compctrldefine.o(i.IcResourceInit)
    Key_Check                                0x08000bfd   Thumb Code    26  key.o(i.Key_Check)
    Key_GetState                             0x08000c1d   Thumb Code    62  key.o(i.Key_GetState)
    Key_Init                                 0x08000c61   Thumb Code    82  key.o(i.Key_Init)
    Key_Tick                                 0x08000cb9   Thumb Code   292  key.o(i.Key_Tick)
    LEDPWM_IRQHandler                        0x08000de5   Thumb Code     2  sc_it.o(i.LEDPWM_IRQHandler)
    LEDX_Init                                0x08000de9   Thumb Code    64  led.o(i.LEDX_Init)
    LEDX_Off                                 0x08000e2d   Thumb Code    56  led.o(i.LEDX_Off)
    LEDX_On                                  0x08000e69   Thumb Code    56  led.o(i.LEDX_On)
    LEDX_Shine                               0x08000ea5   Thumb Code    68  led.o(i.LEDX_Shine)
    LED_Cmd                                  0x08000eed   Thumb Code    22  sc32f1xxx_led.o(i.LED_Cmd)
    LED_Init                                 0x08000f0d   Thumb Code    48  sc32f1xxx_led.o(i.LED_Init)
    Main_Loop                                0x08000f45   Thumb Code    92  utils.o(i.Main_Loop)
    OLED_I2C_Init                            0x08000fad   Thumb Code    54  oled.o(i.OLED_I2C_Init)
    OLED_I2C_SendByte                        0x08000fe9   Thumb Code    84  oled.o(i.OLED_I2C_SendByte)
    OLED_I2C_Start                           0x08001041   Thumb Code    50  oled.o(i.OLED_I2C_Start)
    OLED_I2C_Stop                            0x08001079   Thumb Code    40  oled.o(i.OLED_I2C_Stop)
    OLED_SetCursor                           0x080010a5   Thumb Code    30  oled.o(i.OLED_SetCursor)
    OLED_ShowChar                            0x080010c5   Thumb Code    86  oled.o(i.OLED_ShowChar)
    OLED_ShowChinese                         0x08001121   Thumb Code   260  oled.o(i.OLED_ShowChinese)
    OLED_ShowChinese2                        0x0800122d   Thumb Code   128  oled.o(i.OLED_ShowChinese2)
    OLED_ShowFloat                           0x080012ad   Thumb Code   382  oled.o(i.OLED_ShowFloat)
    OLED_ShowInt                             0x0800142b   Thumb Code   198  oled.o(i.OLED_ShowInt)
    OLED_WriteCommand                        0x080014f1   Thumb Code    32  oled.o(i.OLED_WriteCommand)
    OLED_WriteData                           0x08001511   Thumb Code    32  oled.o(i.OLED_WriteData)
    PWM0_IRQHandler                          0x08001531   Thumb Code     2  sc_it.o(i.PWM0_IRQHandler)
    Printf_UartInit                          0x08001535   Thumb Code     6  sc32f1xxx_uart.o(i.Printf_UartInit)
    RCC_APB0Cmd                              0x08001541   Thumb Code    20  sc32f1xxx_rcc.o(i.RCC_APB0Cmd)
    RCC_APB0Config                           0x08001559   Thumb Code    20  sc32f1xxx_rcc.o(i.RCC_APB0Config)
    RCC_APB0PeriphClockCmd                   0x08001571   Thumb Code    18  sc32f1xxx_rcc.o(i.RCC_APB0PeriphClockCmd)
    RCC_APB1Cmd                              0x08001589   Thumb Code    22  sc32f1xxx_rcc.o(i.RCC_APB1Cmd)
    RCC_APB1Config                           0x080015a5   Thumb Code    20  sc32f1xxx_rcc.o(i.RCC_APB1Config)
    RCC_APB1PeriphClockCmd                   0x080015bd   Thumb Code    18  sc32f1xxx_rcc.o(i.RCC_APB1PeriphClockCmd)
    RCC_APB2Cmd                              0x080015d5   Thumb Code    22  sc32f1xxx_rcc.o(i.RCC_APB2Cmd)
    RCC_APB2Config                           0x080015f1   Thumb Code    20  sc32f1xxx_rcc.o(i.RCC_APB2Config)
    RCC_APB2PeriphClockCmd                   0x08001609   Thumb Code    18  sc32f1xxx_rcc.o(i.RCC_APB2PeriphClockCmd)
    RCC_HCLKConfig                           0x08001621   Thumb Code    20  sc32f1xxx_rcc.o(i.RCC_HCLKConfig)
    RCC_HIRCCmd                              0x08001639   Thumb Code    30  sc32f1xxx_rcc.o(i.RCC_HIRCCmd)
    RCC_HIRCDIV1Cmd                          0x0800165d   Thumb Code    30  sc32f1xxx_rcc.o(i.RCC_HIRCDIV1Cmd)
    RCC_HXTCmd                               0x08001681   Thumb Code    30  sc32f1xxx_rcc.o(i.RCC_HXTCmd)
    RCC_IRQHandler                           0x080016a5   Thumb Code     8  sc_it.o(i.RCC_IRQHandler)
    RCC_ITConfig                             0x080016ad   Thumb Code    30  sc32f1xxx_rcc.o(i.RCC_ITConfig)
    RCC_LCDLEDCLKConfig                      0x080016d1   Thumb Code    28  sc32f1xxx_rcc.o(i.RCC_LCDLEDCLKConfig)
    RCC_LIRCCmd                              0x080016f1   Thumb Code    30  sc32f1xxx_rcc.o(i.RCC_LIRCCmd)
    RCC_LXTCmd                               0x08001715   Thumb Code    32  sc32f1xxx_rcc.o(i.RCC_LXTCmd)
    RCC_SYSCLKConfig                         0x08001739   Thumb Code   112  sc32f1xxx_rcc.o(i.RCC_SYSCLKConfig)
    RCC_SystickCLKConfig                     0x080017b1   Thumb Code    50  sc32f1xxx_rcc.o(i.RCC_SystickCLKConfig)
    RCC_SystickCmd                           0x080017ed   Thumb Code    22  sc32f1xxx_rcc.o(i.RCC_SystickCmd)
    RCC_SystickSetCounter                    0x08001809   Thumb Code    18  sc32f1xxx_rcc.o(i.RCC_SystickSetCounter)
    RCC_Unlock                               0x08001825   Thumb Code    16  sc32f1xxx_rcc.o(i.RCC_Unlock)
    SC_IncTick                               0x08001839   Thumb Code    10  sc32f1xxx_rcc.o(i.SC_IncTick)
    SC_Init                                  0x08001849   Thumb Code    32  sc_init.o(i.SC_Init)
    SC_LED_Init                              0x08001869   Thumb Code    66  sc_init.o(i.SC_LED_Init)
    SC_RCC_Init                              0x080018ad   Thumb Code    94  sc_init.o(i.SC_RCC_Init)
    SC_SYSTICK_Init                          0x08001911   Thumb Code    36  sc_init.o(i.SC_SYSTICK_Init)
    SC_TIM0_Init                             0x08001939   Thumb Code   142  sc_init.o(i.SC_TIM0_Init)
    SC_TIM7_Init                             0x080019cd   Thumb Code   142  sc_init.o(i.SC_TIM7_Init)
    SC_UART2_Init                            0x08001a61   Thumb Code   182  sc_init.o(i.SC_UART2_Init)
    SC_UART5_Init                            0x08001b25   Thumb Code   146  sc_init.o(i.SC_UART5_Init)
    SPI0_IRQHandler                          0x08001bc5   Thumb Code     2  sc_it.o(i.SPI0_IRQHandler)
    SPI1_2_IRQHandler                        0x08001bc7   Thumb Code     2  sc_it.o(i.SPI1_2_IRQHandler)
    Scale_Init                               0x08001bc9   Thumb Code    32  utils.o(i.Scale_Init)
    Serial_SendArray                         0x08001bf1   Thumb Code    26  voice.o(i.Serial_SendArray)
    Serial_SendByte                          0x08001c0d   Thumb Code    34  voice.o(i.Serial_SendByte)
    Switch_Function                          0x08001c35   Thumb Code   200  utils.o(i.Switch_Function)
    SysTick_IRQHandler                       0x08001d01   Thumb Code     2  sc_it.o(i.SysTick_IRQHandler)
    SystemInit                               0x08001d05   Thumb Code    10  system_sc32f1xxx.o(i.SystemInit)
    System_Announce                          0x08001d15   Thumb Code    28  utils.o(i.System_Announce)
    System_Calibration                       0x08001d39   Thumb Code   150  utils.o(i.System_Calibration)
    System_Init                              0x08001dd5   Thumb Code    30  utils.o(i.System_Init)
    System_Normal                            0x08001df9   Thumb Code   200  utils.o(i.System_Normal)
    System_OFF                               0x08001ec5   Thumb Code    38  utils.o(i.System_OFF)
    TIMER0_IRQHandler                        0x08001ef1   Thumb Code     8  sc_it.o(i.TIMER0_IRQHandler)
    TIMER1_IRQHandler                        0x08001ef9   Thumb Code     2  sc_it.o(i.TIMER1_IRQHandler)
    TIMER2_IRQHandler                        0x08001efb   Thumb Code     2  sc_it.o(i.TIMER2_IRQHandler)
    TIMER3_IRQHandler                        0x08001efd   Thumb Code     2  sc_it.o(i.TIMER3_IRQHandler)
    TIMER4_5_IRQHandler                      0x08001eff   Thumb Code     2  sc_it.o(i.TIMER4_5_IRQHandler)
    TIMER6_7_IRQHandler                      0x08001f01   Thumb Code    30  sc_it.o(i.TIMER6_7_IRQHandler)
    TIM_ClearFlag                            0x08001f25   Thumb Code     4  sc32f1xxx_tim.o(i.TIM_ClearFlag)
    TIM_Cmd                                  0x08001f29   Thumb Code    20  sc32f1xxx_tim.o(i.TIM_Cmd)
    TIM_GetFlagStatus                        0x08001f41   Thumb Code    14  sc32f1xxx_tim.o(i.TIM_GetFlagStatus)
    TIM_ICCmd                                0x08001f51   Thumb Code    20  sc32f1xxx_tim.o(i.TIM_ICCmd)
    TIM_ICInit                               0x08001f69   Thumb Code    22  sc32f1xxx_tim.o(i.TIM_ICInit)
    TIM_ITConfig                             0x08001f7f   Thumb Code    20  sc32f1xxx_tim.o(i.TIM_ITConfig)
    TIM_PWMInit                              0x08001f93   Thumb Code    26  sc32f1xxx_tim.o(i.TIM_PWMInit)
    TIM_PWMSetDuty                           0x08001fad   Thumb Code    16  sc32f1xxx_tim.o(i.TIM_PWMSetDuty)
    TIM_TIMBaseInit                          0x08001fbd   Thumb Code    34  sc32f1xxx_tim.o(i.TIM_TIMBaseInit)
    TWI0_IRQHandler                          0x08001fe5   Thumb Code     2  sc_it.o(i.TWI0_IRQHandler)
    TWI1_IRQHandler                          0x08001fe7   Thumb Code     2  sc_it.o(i.TWI1_IRQHandler)
    UART0_2_4_IRQHandler                     0x08001fe9   Thumb Code   120  sc_it.o(i.UART0_2_4_IRQHandler)
    UART1_3_5_IRQHandler                     0x08002075   Thumb Code    42  sc_it.o(i.UART1_3_5_IRQHandler)
    UART_ClearFlag                           0x080020ad   Thumb Code     4  sc32f1xxx_uart.o(i.UART_ClearFlag)
    UART_GetFlagStatus                       0x080020b1   Thumb Code    14  sc32f1xxx_uart.o(i.UART_GetFlagStatus)
    UART_ITConfig                            0x080020bf   Thumb Code    20  sc32f1xxx_uart.o(i.UART_ITConfig)
    UART_Init                                0x080020d5   Thumb Code    64  sc32f1xxx_uart.o(i.UART_Init)
    UART_PinRemapConfig                      0x08002119   Thumb Code    14  sc32f1xxx_uart.o(i.UART_PinRemapConfig)
    UART_RXCmd                               0x08002129   Thumb Code    20  sc32f1xxx_uart.o(i.UART_RXCmd)
    UART_ReceiveData                         0x08002141   Thumb Code     8  sc32f1xxx_uart.o(i.UART_ReceiveData)
    UART_SendData                            0x08002149   Thumb Code     8  sc32f1xxx_uart.o(i.UART_SendData)
    UART_TXCmd                               0x08002151   Thumb Code    20  sc32f1xxx_uart.o(i.UART_TXCmd)
    UI_Display                               0x08002169   Thumb Code   330  utils.o(i.UI_Display)
    UI_ShowWeight                            0x08002319   Thumb Code   126  utils.o(i.UI_ShowWeight)
    Voice_It                                 0x0800239d   Thumb Code   100  utils.o(i.Voice_It)
    Voice_ReceiveCMD                         0x0800240d   Thumb Code    82  voice.o(i.Voice_ReceiveCMD)
    Voice_SendOV                             0x08002465   Thumb Code    30  voice.o(i.Voice_SendOV)
    Voice_SendWA                             0x08002485   Thumb Code   164  voice.o(i.Voice_SendWA)
    Weight_Calibrate                         0x0800252d   Thumb Code    34  weight.o(i.Weight_Calibrate)
    Weight_GetTare                           0x08002555   Thumb Code    18  weight.o(i.Weight_GetTare)
    Weight_GetWeight                         0x0800256d   Thumb Code    38  weight.o(i.Weight_GetWeight)
    Weight_Init                              0x08002599   Thumb Code    40  weight.o(i.Weight_Init)
    Weight_SetZero                           0x080025c9   Thumb Code    12  weight.o(i.Weight_SetZero)
    Weight_Tare                              0x080025d9   Thumb Code    22  weight.o(i.Weight_Tare)
    Weight_TareC                             0x080025f5   Thumb Code    16  weight.o(i.Weight_TareC)
    Weight_Update                            0x08002609   Thumb Code    48  weight.o(i.Weight_Update)
    _OLED_Clear                              0x08002645   Thumb Code    38  oled.o(i._OLED_Clear)
    _OLED_Init                               0x0800266b   Thumb Code   170  oled.o(i._OLED_Init)
    __ARM_common_switch8                     0x08002715   Thumb Code    26  utils.o(i.__ARM_common_switch8)
    _sys_exit                                0x080027b9   Thumb Code     2  sc32f1xxx_uart.o(i._sys_exit)
    main                                     0x080027bb   Thumb Code    30  main.o(i.main)
    __aeabi_fadd                             0x080027d9   Thumb Code     0  faddsub.o(x$fpl$fadd)
    _fadd                                    0x080027d9   Thumb Code   134  faddsub.o(x$fpl$fadd)
    __aeabi_fmul                             0x08002865   Thumb Code     0  fmul.o(x$fpl$fmul)
    _fmul                                    0x08002865   Thumb Code   172  fmul.o(x$fpl$fmul)
    __aeabi_frsub                            0x08002915   Thumb Code     0  faddsub.o(x$fpl$frsb)
    _frsb                                    0x08002915   Thumb Code    24  faddsub.o(x$fpl$frsb)
    __aeabi_fsub                             0x0800292d   Thumb Code     0  faddsub.o(x$fpl$fsub)
    _fsub                                    0x0800292d   Thumb Code   204  faddsub.o(x$fpl$fsub)
    OLED_F8x16                               0x080029fc   Data        1520  oled.o(.constdata)
    __I$use$fp                               0x080029fc   Number         0  usenofp.o(x$fpl$usenofp)
    OLED_CF16x16                             0x08002fec   Data        1008  oled.o(.constdata)
    Region$$Table$$Base                      0x0800341c   Number         0  anon$$obj.o(Region$$Table)
    Region$$Table$$Limit                     0x0800343c   Number         0  anon$$obj.o(Region$$Table)
    UART5_Flag                               0x20000000   Data           1  main.o(.data)
    UART5_RxData                             0x20000002   Data           2  main.o(.data)
    Cur_SysMode                              0x20000008   Data           1  utils.o(.data)
    Prev_SysMode                             0x20000009   Data           1  utils.o(.data)
    WA_Flag                                  0x2000000a   Data           1  utils.o(.data)
    WF_Flag                                  0x2000000b   Data           1  utils.o(.data)
    TimeTick_Voice                           0x2000000c   Data           2  utils.o(.data)
    TimeTick_Weight                          0x2000000e   Data           2  utils.o(.data)
    TimeTick_Move                            0x20000010   Data           2  utils.o(.data)
    Key_Flag                                 0x20000029   Data           5  key.o(.data)
    OV_Flag                                  0x20000031   Data           1  weight.o(.data)
    Voice_CMD                                0x20000044   Data           1  voice.o(.data)
    UART2_Flag                               0x20000045   Data           1  voice.o(.data)
    UART2_RxData                             0x20000046   Data           1  voice.o(.data)
    uwTick                                   0x20000048   Data           4  sc32f1xxx_rcc.o(.data)
    Printf_Uart                              0x2000004c   Data           4  sc32f1xxx_uart.o(.data)
    Data_Null                                0x200000c0   Data          32  oled.o(.bss)
    __libspace_start                         0x200000e0   Data          96  libspace.o(.bss)
    __temporary_stack_top$libspace           0x20000140   Data           0  libspace.o(.bss)



==============================================================================

Memory Map of the image

  Image Entry point : 0x080000c1

  Load Region LR_IROM1 (Base: 0x08000000, Size: 0x0000348c, Max: 0x00040000, ABSOLUTE)

    Execution Region ER_IROM1 (Exec base: 0x08000000, Load base: 0x08000000, Size: 0x0000343c, Max: 0x00040000, ABSOLUTE)

    Exec Addr    Load Addr    Size         Type   Attr      Idx    E Section Name        Object

    0x08000000   0x08000000   0x000000c0   Data   RO         2420    RESET               startup_sc32f12xx.o
    0x080000c0   0x080000c0   0x00000008   Code   RO         2476  * !!!main             c_p.l(__main.o)
    0x080000c8   0x080000c8   0x0000003c   Code   RO         2667    !!!scatter          c_p.l(__scatter.o)
    0x08000104   0x08000104   0x0000001a   Code   RO         2669    !!handler_copy      c_p.l(__scatter_copy.o)
    0x0800011e   0x0800011e   0x00000002   PAD
    0x08000120   0x08000120   0x0000001c   Code   RO         2671    !!handler_zi        c_p.l(__scatter_zi.o)
    0x0800013c   0x0800013c   0x00000002   Code   RO         2538    .ARM.Collect$$libinit$$00000000  c_p.l(libinit.o)
    0x0800013e   0x0800013e   0x00000000   Code   RO         2552    .ARM.Collect$$libinit$$00000002  c_p.l(libinit2.o)
    0x0800013e   0x0800013e   0x00000000   Code   RO         2554    .ARM.Collect$$libinit$$00000004  c_p.l(libinit2.o)
    0x0800013e   0x0800013e   0x00000000   Code   RO         2557    .ARM.Collect$$libinit$$0000000A  c_p.l(libinit2.o)
    0x0800013e   0x0800013e   0x00000000   Code   RO         2559    .ARM.Collect$$libinit$$0000000C  c_p.l(libinit2.o)
    0x0800013e   0x0800013e   0x00000000   Code   RO         2561    .ARM.Collect$$libinit$$0000000E  c_p.l(libinit2.o)
    0x0800013e   0x0800013e   0x00000000   Code   RO         2564    .ARM.Collect$$libinit$$00000011  c_p.l(libinit2.o)
    0x0800013e   0x0800013e   0x00000000   Code   RO         2566    .ARM.Collect$$libinit$$00000013  c_p.l(libinit2.o)
    0x0800013e   0x0800013e   0x00000000   Code   RO         2568    .ARM.Collect$$libinit$$00000015  c_p.l(libinit2.o)
    0x0800013e   0x0800013e   0x00000000   Code   RO         2570    .ARM.Collect$$libinit$$00000017  c_p.l(libinit2.o)
    0x0800013e   0x0800013e   0x00000000   Code   RO         2572    .ARM.Collect$$libinit$$00000019  c_p.l(libinit2.o)
    0x0800013e   0x0800013e   0x00000000   Code   RO         2574    .ARM.Collect$$libinit$$0000001B  c_p.l(libinit2.o)
    0x0800013e   0x0800013e   0x00000000   Code   RO         2576    .ARM.Collect$$libinit$$0000001D  c_p.l(libinit2.o)
    0x0800013e   0x0800013e   0x00000000   Code   RO         2578    .ARM.Collect$$libinit$$0000001F  c_p.l(libinit2.o)
    0x0800013e   0x0800013e   0x00000000   Code   RO         2580    .ARM.Collect$$libinit$$00000021  c_p.l(libinit2.o)
    0x0800013e   0x0800013e   0x00000000   Code   RO         2582    .ARM.Collect$$libinit$$00000023  c_p.l(libinit2.o)
    0x0800013e   0x0800013e   0x00000000   Code   RO         2584    .ARM.Collect$$libinit$$00000025  c_p.l(libinit2.o)
    0x0800013e   0x0800013e   0x00000000   Code   RO         2588    .ARM.Collect$$libinit$$0000002C  c_p.l(libinit2.o)
    0x0800013e   0x0800013e   0x00000000   Code   RO         2590    .ARM.Collect$$libinit$$0000002E  c_p.l(libinit2.o)
    0x0800013e   0x0800013e   0x00000000   Code   RO         2592    .ARM.Collect$$libinit$$00000030  c_p.l(libinit2.o)
    0x0800013e   0x0800013e   0x00000000   Code   RO         2594    .ARM.Collect$$libinit$$00000032  c_p.l(libinit2.o)
    0x0800013e   0x0800013e   0x00000002   Code   RO         2595    .ARM.Collect$$libinit$$00000033  c_p.l(libinit2.o)
    0x08000140   0x08000140   0x00000002   Code   RO         2621    .ARM.Collect$$libshutdown$$00000000  c_p.l(libshutdown.o)
    0x08000142   0x08000142   0x00000000   Code   RO         2650    .ARM.Collect$$libshutdown$$00000002  c_p.l(libshutdown2.o)
    0x08000142   0x08000142   0x00000000   Code   RO         2652    .ARM.Collect$$libshutdown$$00000004  c_p.l(libshutdown2.o)
    0x08000142   0x08000142   0x00000000   Code   RO         2655    .ARM.Collect$$libshutdown$$00000007  c_p.l(libshutdown2.o)
    0x08000142   0x08000142   0x00000000   Code   RO         2658    .ARM.Collect$$libshutdown$$0000000A  c_p.l(libshutdown2.o)
    0x08000142   0x08000142   0x00000000   Code   RO         2660    .ARM.Collect$$libshutdown$$0000000C  c_p.l(libshutdown2.o)
    0x08000142   0x08000142   0x00000000   Code   RO         2663    .ARM.Collect$$libshutdown$$0000000F  c_p.l(libshutdown2.o)
    0x08000142   0x08000142   0x00000002   Code   RO         2664    .ARM.Collect$$libshutdown$$00000010  c_p.l(libshutdown2.o)
    0x08000144   0x08000144   0x00000000   Code   RO         2495    .ARM.Collect$$rtentry$$00000000  c_p.l(__rtentry.o)
    0x08000144   0x08000144   0x00000000   Code   RO         2504    .ARM.Collect$$rtentry$$00000002  c_p.l(__rtentry2.o)
    0x08000144   0x08000144   0x00000006   Code   RO         2516    .ARM.Collect$$rtentry$$00000004  c_p.l(__rtentry4.o)
    0x0800014a   0x0800014a   0x00000000   Code   RO         2506    .ARM.Collect$$rtentry$$00000009  c_p.l(__rtentry2.o)
    0x0800014a   0x0800014a   0x00000004   Code   RO         2507    .ARM.Collect$$rtentry$$0000000A  c_p.l(__rtentry2.o)
    0x0800014e   0x0800014e   0x00000000   Code   RO         2509    .ARM.Collect$$rtentry$$0000000C  c_p.l(__rtentry2.o)
    0x0800014e   0x0800014e   0x00000008   Code   RO         2510    .ARM.Collect$$rtentry$$0000000D  c_p.l(__rtentry2.o)
    0x08000156   0x08000156   0x00000002   Code   RO         2543    .ARM.Collect$$rtexit$$00000000  c_p.l(rtexit.o)
    0x08000158   0x08000158   0x00000000   Code   RO         2597    .ARM.Collect$$rtexit$$00000002  c_p.l(rtexit2.o)
    0x08000158   0x08000158   0x00000004   Code   RO         2598    .ARM.Collect$$rtexit$$00000003  c_p.l(rtexit2.o)
    0x0800015c   0x0800015c   0x00000006   Code   RO         2599    .ARM.Collect$$rtexit$$00000004  c_p.l(rtexit2.o)
    0x08000162   0x08000162   0x00000002   PAD
    0x08000164   0x08000164   0x00000038   Code   RO         2464    .emb_text           c_p.l(rt_memcpy.o)
    0x0800019c   0x0800019c   0x000000c4   Code   RO         2421    .text               startup_sc32f12xx.o
    0x08000260   0x08000260   0x00000070   Code   RO         2460    .text               c_p.l(llsdiv.o)
    0x080002d0   0x080002d0   0x00000044   Code   RO         2462    .text               c_p.l(strlen.o)
    0x08000314   0x08000314   0x00000082   Code   RO         2465    .text               c_p.l(rt_memcpy.o)
    0x08000396   0x08000396   0x00000002   PAD
    0x08000398   0x08000398   0x00000088   Code   RO         2468    .text               c_p.l(strcmp.o)
    0x08000420   0x08000420   0x0000015a   Code   RO         2470    .text               c_p.l(aeabi_sdiv.o)
    0x0800057a   0x0800057a   0x00000006   Code   RO         2474    .text               c_p.l(heapauxi.o)
    0x08000580   0x08000580   0x00000160   Code   RO         2484    .text               fz_ps.l(fdiv.o)
    0x080006e0   0x080006e0   0x0000004c   Code   RO         2487    .text               fz_ps.l(ffixi.o)
    0x0800072c   0x0800072c   0x00000030   Code   RO         2489    .text               fz_ps.l(ffixui.o)
    0x0800075c   0x0800075c   0x0000005e   Code   RO         2491    .text               fz_ps.l(fflti.o)
    0x080007ba   0x080007ba   0x00000102   Code   RO         2500    .text               c_p.l(lludiv.o)
    0x080008bc   0x080008bc   0x0000003e   Code   RO         2524    .text               c_p.l(sys_stackheap_outer.o)
    0x080008fa   0x080008fa   0x00000010   Code   RO         2527    .text               c_p.l(exit.o)
    0x0800090a   0x0800090a   0x00000002   PAD
    0x0800090c   0x0800090c   0x00000008   Code   RO         2539    .text               c_p.l(libspace.o)
    0x08000914   0x08000914   0x00000002   Code   RO          207    i.ADC_IRQHandler    sc_it.o
    0x08000916   0x08000916   0x00000002   Code   RO          208    i.BTM_IRQHandler    sc_it.o
    0x08000918   0x08000918   0x00000002   Code   RO          212    i.CMP_IRQHandler    sc_it.o
    0x0800091a   0x0800091a   0x00000002   Code   RO          213    i.DMA0_IRQHandler   sc_it.o
    0x0800091c   0x0800091c   0x00000002   Code   RO          214    i.DMA1_IRQHandler   sc_it.o
    0x0800091e   0x0800091e   0x00000016   Code   RO         1275    i.Delay_ms          dalay.o
    0x08000934   0x08000934   0x00000016   Code   RO         1276    i.Delay_s           dalay.o
    0x0800094a   0x0800094a   0x00000002   PAD
    0x0800094c   0x0800094c   0x00000020   Code   RO         1277    i.Delay_us          dalay.o
    0x0800096c   0x0800096c   0x00000022   Code   RO         2425    i.Filter_Init       filter.o
    0x0800098e   0x0800098e   0x00000084   Code   RO         2427    i.Filter_Update     filter.o
    0x08000a12   0x08000a12   0x00000060   Code   RO         1895    i.GPIO_Init         sc32f1xxx_gpio.o
    0x08000a72   0x08000a72   0x0000000a   Code   RO         1897    i.GPIO_ReadDataBit  sc32f1xxx_gpio.o
    0x08000a7c   0x08000a7c   0x0000001e   Code   RO         1898    i.GPIO_ResetBits    sc32f1xxx_gpio.o
    0x08000a9a   0x08000a9a   0x0000001e   Code   RO         1899    i.GPIO_SetBits      sc32f1xxx_gpio.o
    0x08000ab8   0x08000ab8   0x00000010   Code   RO         1903    i.GPIO_WriteBit     sc32f1xxx_gpio.o
    0x08000ac8   0x08000ac8   0x0000001c   Code   RO         1491    i.HX711_DATA_In     hx711.o
    0x08000ae4   0x08000ae4   0x0000001c   Code   RO         1492    i.HX711_DATA_Out    hx711.o
    0x08000b00   0x08000b00   0x0000003c   Code   RO         1493    i.HX711_Init        hx711.o
    0x08000b3c   0x08000b3c   0x000000b0   Code   RO         1494    i.HX711_Read        hx711.o
    0x08000bec   0x08000bec   0x00000002   Code   RO          218    i.INT0_IRQHandler   sc_it.o
    0x08000bee   0x08000bee   0x00000002   Code   RO          219    i.INT12_15_IRQHandler  sc_it.o
    0x08000bf0   0x08000bf0   0x00000002   Code   RO          220    i.INT1_7_IRQHandler  sc_it.o
    0x08000bf2   0x08000bf2   0x00000002   Code   RO          221    i.INT8_11_IRQHandler  sc_it.o
    0x08000bf4   0x08000bf4   0x00000008   Code   RO          901    i.IcResourceInit    compctrldefine.o
    0x08000bfc   0x08000bfc   0x00000020   Code   RO         1131    i.Key_Check         key.o
    0x08000c1c   0x08000c1c   0x00000044   Code   RO         1132    i.Key_GetState      key.o
    0x08000c60   0x08000c60   0x00000058   Code   RO         1133    i.Key_Init          key.o
    0x08000cb8   0x08000cb8   0x0000012c   Code   RO         1134    i.Key_Tick          key.o
    0x08000de4   0x08000de4   0x00000002   Code   RO          222    i.LEDPWM_IRQHandler  sc_it.o
    0x08000de6   0x08000de6   0x00000002   PAD
    0x08000de8   0x08000de8   0x00000044   Code   RO         1047    i.LEDX_Init         led.o
    0x08000e2c   0x08000e2c   0x0000003c   Code   RO         1048    i.LEDX_Off          led.o
    0x08000e68   0x08000e68   0x0000003c   Code   RO         1049    i.LEDX_On           led.o
    0x08000ea4   0x08000ea4   0x00000048   Code   RO         1051    i.LEDX_Shine        led.o
    0x08000eec   0x08000eec   0x00000020   Code   RO         1529    i.LED_Cmd           sc32f1xxx_led.o
    0x08000f0c   0x08000f0c   0x00000038   Code   RO         1532    i.LED_Init          sc32f1xxx_led.o
    0x08000f44   0x08000f44   0x00000068   Code   RO          953    i.Main_Loop         utils.o
    0x08000fac   0x08000fac   0x0000003c   Code   RO         1306    i.OLED_I2C_Init     oled.o
    0x08000fe8   0x08000fe8   0x00000058   Code   RO         1307    i.OLED_I2C_SendByte  oled.o
    0x08001040   0x08001040   0x00000038   Code   RO         1308    i.OLED_I2C_Start    oled.o
    0x08001078   0x08001078   0x0000002c   Code   RO         1309    i.OLED_I2C_Stop     oled.o
    0x080010a4   0x080010a4   0x0000001e   Code   RO         1311    i.OLED_SetCursor    oled.o
    0x080010c2   0x080010c2   0x00000002   PAD
    0x080010c4   0x080010c4   0x0000005c   Code   RO         1312    i.OLED_ShowChar     oled.o
    0x08001120   0x08001120   0x0000010c   Code   RO         1313    i.OLED_ShowChinese  oled.o
    0x0800122c   0x0800122c   0x00000080   Code   RO         1314    i.OLED_ShowChinese2  oled.o
    0x080012ac   0x080012ac   0x0000017e   Code   RO         1315    i.OLED_ShowFloat    oled.o
    0x0800142a   0x0800142a   0x000000c6   Code   RO         1316    i.OLED_ShowInt      oled.o
    0x080014f0   0x080014f0   0x00000020   Code   RO         1320    i.OLED_WriteCommand  oled.o
    0x08001510   0x08001510   0x00000020   Code   RO         1321    i.OLED_WriteData    oled.o
    0x08001530   0x08001530   0x00000002   Code   RO          225    i.PWM0_IRQHandler   sc_it.o
    0x08001532   0x08001532   0x00000002   PAD
    0x08001534   0x08001534   0x0000000c   Code   RO         2118    i.Printf_UartInit   sc32f1xxx_uart.o
    0x08001540   0x08001540   0x00000018   Code   RO         1639    i.RCC_APB0Cmd       sc32f1xxx_rcc.o
    0x08001558   0x08001558   0x00000018   Code   RO         1640    i.RCC_APB0Config    sc32f1xxx_rcc.o
    0x08001570   0x08001570   0x00000018   Code   RO         1641    i.RCC_APB0PeriphClockCmd  sc32f1xxx_rcc.o
    0x08001588   0x08001588   0x0000001c   Code   RO         1643    i.RCC_APB1Cmd       sc32f1xxx_rcc.o
    0x080015a4   0x080015a4   0x00000018   Code   RO         1644    i.RCC_APB1Config    sc32f1xxx_rcc.o
    0x080015bc   0x080015bc   0x00000018   Code   RO         1645    i.RCC_APB1PeriphClockCmd  sc32f1xxx_rcc.o
    0x080015d4   0x080015d4   0x0000001c   Code   RO         1647    i.RCC_APB2Cmd       sc32f1xxx_rcc.o
    0x080015f0   0x080015f0   0x00000018   Code   RO         1648    i.RCC_APB2Config    sc32f1xxx_rcc.o
    0x08001608   0x08001608   0x00000018   Code   RO         1649    i.RCC_APB2PeriphClockCmd  sc32f1xxx_rcc.o
    0x08001620   0x08001620   0x00000018   Code   RO         1657    i.RCC_HCLKConfig    sc32f1xxx_rcc.o
    0x08001638   0x08001638   0x00000024   Code   RO         1658    i.RCC_HIRCCmd       sc32f1xxx_rcc.o
    0x0800165c   0x0800165c   0x00000024   Code   RO         1659    i.RCC_HIRCDIV1Cmd   sc32f1xxx_rcc.o
    0x08001680   0x08001680   0x00000024   Code   RO         1660    i.RCC_HXTCmd        sc32f1xxx_rcc.o
    0x080016a4   0x080016a4   0x00000008   Code   RO          228    i.RCC_IRQHandler    sc_it.o
    0x080016ac   0x080016ac   0x00000024   Code   RO         1661    i.RCC_ITConfig      sc32f1xxx_rcc.o
    0x080016d0   0x080016d0   0x00000020   Code   RO         1662    i.RCC_LCDLEDCLKConfig  sc32f1xxx_rcc.o
    0x080016f0   0x080016f0   0x00000024   Code   RO         1663    i.RCC_LIRCCmd       sc32f1xxx_rcc.o
    0x08001714   0x08001714   0x00000024   Code   RO         1664    i.RCC_LXTCmd        sc32f1xxx_rcc.o
    0x08001738   0x08001738   0x00000078   Code   RO         1667    i.RCC_SYSCLKConfig  sc32f1xxx_rcc.o
    0x080017b0   0x080017b0   0x0000003c   Code   RO         1668    i.RCC_SystickCLKConfig  sc32f1xxx_rcc.o
    0x080017ec   0x080017ec   0x0000001c   Code   RO         1669    i.RCC_SystickCmd    sc32f1xxx_rcc.o
    0x08001808   0x08001808   0x0000001c   Code   RO         1671    i.RCC_SystickSetCounter  sc32f1xxx_rcc.o
    0x08001824   0x08001824   0x00000014   Code   RO         1672    i.RCC_Unlock        sc32f1xxx_rcc.o
    0x08001838   0x08001838   0x00000010   Code   RO         1676    i.SC_IncTick        sc32f1xxx_rcc.o
    0x08001848   0x08001848   0x00000020   Code   RO          502    i.SC_Init           sc_init.o
    0x08001868   0x08001868   0x00000042   Code   RO          505    i.SC_LED_Init       sc_init.o
    0x080018aa   0x080018aa   0x00000002   PAD
    0x080018ac   0x080018ac   0x00000064   Code   RO          520    i.SC_RCC_Init       sc_init.o
    0x08001910   0x08001910   0x00000028   Code   RO          525    i.SC_SYSTICK_Init   sc_init.o
    0x08001938   0x08001938   0x00000094   Code   RO          526    i.SC_TIM0_Init      sc_init.o
    0x080019cc   0x080019cc   0x00000094   Code   RO          533    i.SC_TIM7_Init      sc_init.o
    0x08001a60   0x08001a60   0x000000c4   Code   RO          541    i.SC_UART2_Init     sc_init.o
    0x08001b24   0x08001b24   0x000000a0   Code   RO          544    i.SC_UART5_Init     sc_init.o
    0x08001bc4   0x08001bc4   0x00000002   Code   RO          229    i.SPI0_IRQHandler   sc_it.o
    0x08001bc6   0x08001bc6   0x00000002   Code   RO          230    i.SPI1_2_IRQHandler  sc_it.o
    0x08001bc8   0x08001bc8   0x00000028   Code   RO          955    i.Scale_Init        utils.o
    0x08001bf0   0x08001bf0   0x0000001a   Code   RO         1438    i.Serial_SendArray  voice.o
    0x08001c0a   0x08001c0a   0x00000002   PAD
    0x08001c0c   0x08001c0c   0x00000028   Code   RO         1439    i.Serial_SendByte   voice.o
    0x08001c34   0x08001c34   0x000000cc   Code   RO          956    i.Switch_Function   utils.o
    0x08001d00   0x08001d00   0x00000002   Code   RO          233    i.SysTick_IRQHandler  sc_it.o
    0x08001d02   0x08001d02   0x00000002   PAD
    0x08001d04   0x08001d04   0x00000010   Code   RO          187    i.SystemInit        system_sc32f1xxx.o
    0x08001d14   0x08001d14   0x00000024   Code   RO          957    i.System_Announce   utils.o
    0x08001d38   0x08001d38   0x0000009c   Code   RO          958    i.System_Calibration  utils.o
    0x08001dd4   0x08001dd4   0x00000024   Code   RO          959    i.System_Init       utils.o
    0x08001df8   0x08001df8   0x000000cc   Code   RO          960    i.System_Normal     utils.o
    0x08001ec4   0x08001ec4   0x0000002c   Code   RO          961    i.System_OFF        utils.o
    0x08001ef0   0x08001ef0   0x00000008   Code   RO          234    i.TIMER0_IRQHandler  sc_it.o
    0x08001ef8   0x08001ef8   0x00000002   Code   RO          235    i.TIMER1_IRQHandler  sc_it.o
    0x08001efa   0x08001efa   0x00000002   Code   RO          236    i.TIMER2_IRQHandler  sc_it.o
    0x08001efc   0x08001efc   0x00000002   Code   RO          237    i.TIMER3_IRQHandler  sc_it.o
    0x08001efe   0x08001efe   0x00000002   Code   RO          238    i.TIMER4_5_IRQHandler  sc_it.o
    0x08001f00   0x08001f00   0x00000024   Code   RO          239    i.TIMER6_7_IRQHandler  sc_it.o
    0x08001f24   0x08001f24   0x00000004   Code   RO         2262    i.TIM_ClearFlag     sc32f1xxx_tim.o
    0x08001f28   0x08001f28   0x00000018   Code   RO         2264    i.TIM_Cmd           sc32f1xxx_tim.o
    0x08001f40   0x08001f40   0x0000000e   Code   RO         2270    i.TIM_GetFlagStatus  sc32f1xxx_tim.o
    0x08001f4e   0x08001f4e   0x00000002   PAD
    0x08001f50   0x08001f50   0x00000018   Code   RO         2273    i.TIM_ICCmd         sc32f1xxx_tim.o
    0x08001f68   0x08001f68   0x00000016   Code   RO         2274    i.TIM_ICInit        sc32f1xxx_tim.o
    0x08001f7e   0x08001f7e   0x00000014   Code   RO         2276    i.TIM_ITConfig      sc32f1xxx_tim.o
    0x08001f92   0x08001f92   0x0000001a   Code   RO         2278    i.TIM_PWMInit       sc32f1xxx_tim.o
    0x08001fac   0x08001fac   0x00000010   Code   RO         2279    i.TIM_PWMSetDuty    sc32f1xxx_tim.o
    0x08001fbc   0x08001fbc   0x00000028   Code   RO         2284    i.TIM_TIMBaseInit   sc32f1xxx_tim.o
    0x08001fe4   0x08001fe4   0x00000002   Code   RO          240    i.TWI0_IRQHandler   sc_it.o
    0x08001fe6   0x08001fe6   0x00000002   Code   RO          241    i.TWI1_IRQHandler   sc_it.o
    0x08001fe8   0x08001fe8   0x0000008c   Code   RO          244    i.UART0_2_4_IRQHandler  sc_it.o
    0x08002074   0x08002074   0x00000038   Code   RO          246    i.UART1_3_5_IRQHandler  sc_it.o
    0x080020ac   0x080020ac   0x00000004   Code   RO         2119    i.UART_ClearFlag    sc32f1xxx_uart.o
    0x080020b0   0x080020b0   0x0000000e   Code   RO         2122    i.UART_GetFlagStatus  sc32f1xxx_uart.o
    0x080020be   0x080020be   0x00000014   Code   RO         2123    i.UART_ITConfig     sc32f1xxx_uart.o
    0x080020d2   0x080020d2   0x00000002   PAD
    0x080020d4   0x080020d4   0x00000044   Code   RO         2124    i.UART_Init         sc32f1xxx_uart.o
    0x08002118   0x08002118   0x0000000e   Code   RO         2129    i.UART_PinRemapConfig  sc32f1xxx_uart.o
    0x08002126   0x08002126   0x00000002   PAD
    0x08002128   0x08002128   0x00000018   Code   RO         2130    i.UART_RXCmd        sc32f1xxx_uart.o
    0x08002140   0x08002140   0x00000008   Code   RO         2131    i.UART_ReceiveData  sc32f1xxx_uart.o
    0x08002148   0x08002148   0x00000008   Code   RO         2133    i.UART_SendData     sc32f1xxx_uart.o
    0x08002150   0x08002150   0x00000018   Code   RO         2134    i.UART_TXCmd        sc32f1xxx_uart.o
    0x08002168   0x08002168   0x000001b0   Code   RO          962    i.UI_Display        utils.o
    0x08002318   0x08002318   0x00000084   Code   RO          963    i.UI_ShowWeight     utils.o
    0x0800239c   0x0800239c   0x00000070   Code   RO          964    i.Voice_It          utils.o
    0x0800240c   0x0800240c   0x00000058   Code   RO         1440    i.Voice_ReceiveCMD  voice.o
    0x08002464   0x08002464   0x0000001e   Code   RO         1441    i.Voice_SendOV      voice.o
    0x08002482   0x08002482   0x00000002   PAD
    0x08002484   0x08002484   0x000000a8   Code   RO         1442    i.Voice_SendWA      voice.o
    0x0800252c   0x0800252c   0x00000028   Code   RO         1200    i.Weight_Calibrate  weight.o
    0x08002554   0x08002554   0x00000018   Code   RO         1201    i.Weight_GetTare    weight.o
    0x0800256c   0x0800256c   0x0000002c   Code   RO         1202    i.Weight_GetWeight  weight.o
    0x08002598   0x08002598   0x00000030   Code   RO         1203    i.Weight_Init       weight.o
    0x080025c8   0x080025c8   0x00000010   Code   RO         1205    i.Weight_SetZero    weight.o
    0x080025d8   0x080025d8   0x0000001c   Code   RO         1206    i.Weight_Tare       weight.o
    0x080025f4   0x080025f4   0x00000014   Code   RO         1207    i.Weight_TareC      weight.o
    0x08002608   0x08002608   0x0000003c   Code   RO         1208    i.Weight_Update     weight.o
    0x08002644   0x08002644   0x00000026   Code   RO         1322    i._OLED_Clear       oled.o
    0x0800266a   0x0800266a   0x000000aa   Code   RO         1323    i._OLED_Init        oled.o
    0x08002714   0x08002714   0x0000001a   Code   RO         1036    i.__ARM_common_switch8  utils.o
    0x0800272e   0x0800272e   0x00000002   PAD
    0x08002730   0x08002730   0x00000018   Code   RO          547    i.__NVIC_EnableIRQ  sc_init.o
    0x08002748   0x08002748   0x00000044   Code   RO          548    i.__NVIC_SetPriority  sc_init.o
    0x0800278c   0x0800278c   0x0000002c   Code   RO         1324    i._char_byte_len    oled.o
    0x080027b8   0x080027b8   0x00000002   Code   RO         2135    i._sys_exit         sc32f1xxx_uart.o
    0x080027ba   0x080027ba   0x0000001e   Code   RO            3    i.main              main.o
    0x080027d8   0x080027d8   0x0000008c   Code   RO         2478    x$fpl$fadd          fz_ps.l(faddsub.o)
    0x08002864   0x08002864   0x000000b0   Code   RO         2493    x$fpl$fmul          fz_ps.l(fmul.o)
    0x08002914   0x08002914   0x00000018   Code   RO         2479    x$fpl$frsb          fz_ps.l(faddsub.o)
    0x0800292c   0x0800292c   0x000000d0   Code   RO         2480    x$fpl$fsub          fz_ps.l(faddsub.o)
    0x080029fc   0x080029fc   0x00000000   Code   RO         2502    x$fpl$usenofp       fz_ps.l(usenofp.o)
    0x080029fc   0x080029fc   0x000009e0   Data   RO         1326    .constdata          oled.o
    0x080033dc   0x080033dc   0x00000040   Data   RO         2485    .constdata          fz_ps.l(fdiv.o)
    0x0800341c   0x0800341c   0x00000020   Data   RO         2665    Region$$Table       anon$$obj.o


    Execution Region RW_IRAM1 (Exec base: 0x20000000, Load base: 0x0800343c, Size: 0x00000840, Max: 0x00004000, ABSOLUTE)

    Exec Addr    Load Addr    Size         Type   Attr      Idx    E Section Name        Object

    0x20000000   0x0800343c   0x00000001   Data   RW            4    .data               main.o
    0x20000001   0x0800343d   0x00000001   PAD
    0x20000002   0x0800343e   0x00000002   Data   RW            5    .data               main.o
    0x20000004   0x08003440   0x00000001   Data   RW          249    .data               sc_it.o
    0x20000005   0x08003441   0x00000003   PAD
    0x20000008   0x08003444   0x00000010   Data   RW          966    .data               utils.o
    0x20000018   0x08003454   0x00000016   Data   RW         1136    .data               key.o
    0x2000002e   0x0800346a   0x00000002   PAD
    0x20000030   0x0800346c   0x00000014   Data   RW         1210    .data               weight.o
    0x20000044   0x08003480   0x00000002   Data   RW         1444    .data               voice.o
    0x20000046   0x08003482   0x00000001   Data   RW         1445    .data               voice.o
    0x20000047   0x08003483   0x00000001   PAD
    0x20000048   0x08003484   0x00000004   Data   RW         1677    .data               sc32f1xxx_rcc.o
    0x2000004c   0x08003488   0x00000004   Data   RW         2137    .data               sc32f1xxx_uart.o
    0x20000050        -       0x00000018   Zero   RW          965    .bss                utils.o
    0x20000068        -       0x0000000a   Zero   RW         1135    .bss                key.o
    0x20000072   0x0800348c   0x00000006   PAD
    0x20000078        -       0x00000048   Zero   RW         1209    .bss                weight.o
    0x200000c0        -       0x00000020   Zero   RW         1325    .bss                oled.o
    0x200000e0        -       0x00000060   Zero   RW         2540    .bss                c_p.l(libspace.o)
    0x20000140        -       0x00000200   Zero   RW         2419    HEAP                startup_sc32f12xx.o
    0x20000340        -       0x00000500   Zero   RW         2418    STACK               startup_sc32f12xx.o


==============================================================================

Image component sizes


      Code (inc. data)   RO Data    RW Data    ZI Data      Debug   Object Name

         8          0          0          0          0        433   compctrldefine.o
        76          4          0          0          0       1666   dalay.o
       166          0          0          0          0       1538   filter.o
       292         20          0          0          0       2365   hx711.o
       488         26          0         22         10       2980   key.o
       260         16          0          0          0       1978   led.o
        30          0          0          3          0      81697   main.o
      1662         34       2528          0         32      13266   oled.o
       182          0          0          0          0       3491   sc32f1xxx_gpio.o
        88         18          0          0          0       1377   sc32f1xxx_led.o
       768        132          0          4          0      12956   sc32f1xxx_rcc.o
       190         14          0          0          0       5495   sc32f1xxx_tim.o
       198         18          0          4          0       8005   sc32f1xxx_uart.o
       982         64          0          0          0      15114   sc_init.o
       288         40          0          1          0      10100   sc_it.o
       196         90        192          0       1792        800   startup_sc32f12xx.o
        16          6          0          0          0        405   system_sc32f1xxx.o
      1526        188          0         16         24       7091   utils.o
       352         36          0          3          0       3628   voice.o
       280         52          0         20         72       4837   weight.o

    ----------------------------------------------------------------------
      8072        758       2752         80       1936     179222   Object Totals
         0          0         32          0          0          0   (incl. Generated)
        24          0          0          7          6          0   (incl. Padding)

    ----------------------------------------------------------------------

      Code (inc. data)   RO Data    RW Data    ZI Data      Debug   Library Member Name

         8          0          0          0          0         68   __main.o
         0          0          0          0          0          0   __rtentry.o
        12          0          0          0          0          0   __rtentry2.o
         6          0          0          0          0          0   __rtentry4.o
        60          8          0          0          0          0   __scatter.o
        26          0          0          0          0          0   __scatter_copy.o
        28          0          0          0          0          0   __scatter_zi.o
       346          0          0          0          0         92   aeabi_sdiv.o
        16          0          0          0          0         68   exit.o
         6          0          0          0          0        136   heapauxi.o
         2          0          0          0          0          0   libinit.o
         2          0          0          0          0          0   libinit2.o
         2          0          0          0          0          0   libshutdown.o
         2          0          0          0          0          0   libshutdown2.o
         8          4          0          0         96         68   libspace.o
       112          0          0          0          0         72   llsdiv.o
       258          0          0          0          0         88   lludiv.o
       186          0          0          0          0        144   rt_memcpy.o
         2          0          0          0          0          0   rtexit.o
        10          0          0          0          0          0   rtexit2.o
       136          4          0          0          0         72   strcmp.o
        68          6          0          0          0         72   strlen.o
        62          0          0          0          0         80   sys_stackheap_outer.o
       372          8          0          0          0        240   faddsub.o
       352         10         64          0          0         92   fdiv.o
        76          0          0          0          0         68   ffixi.o
        48          0          0          0          0         60   ffixui.o
        94          0          0          0          0         92   fflti.o
       176          4          0          0          0         80   fmul.o
         0          0          0          0          0          0   usenofp.o

    ----------------------------------------------------------------------
      2484         44         64          0         96       1592   Library Totals
         8          0          0          0          0          0   (incl. Padding)

    ----------------------------------------------------------------------

      Code (inc. data)   RO Data    RW Data    ZI Data      Debug   Library Name

      1358         22          0          0         96        960   c_p.l
      1118         22         64          0          0        632   fz_ps.l

    ----------------------------------------------------------------------
      2484         44         64          0         96       1592   Library Totals

    ----------------------------------------------------------------------

==============================================================================


      Code (inc. data)   RO Data    RW Data    ZI Data      Debug   

     10556        802       2816         80       2032     173994   Grand Totals
     10556        802       2816         80       2032     173994   ELF Image Totals
     10556        802       2816         80          0          0   ROM Totals

==============================================================================

    Total RO  Size (Code + RO Data)                13372 (  13.06kB)
    Total RW  Size (RW Data + ZI Data)              2112 (   2.06kB)
    Total ROM Size (Code + RO Data + RW Data)      13452 (  13.14kB)

==============================================================================

