	.text
	.syntax unified
	.eabi_attribute	67, "2.09"	@ Tag_conformance
	.cpu	cortex-m0plus
	.eabi_attribute	6, 12	@ Tag_CPU_arch
	.eabi_attribute	7, 77	@ Tag_CPU_arch_profile
	.eabi_attribute	8, 0	@ Tag_ARM_ISA_use
	.eabi_attribute	9, 1	@ Tag_THUMB_ISA_use
	.eabi_attribute	34, 0	@ Tag_CPU_unaligned_access
	.eabi_attribute	17, 1	@ Tag_ABI_PCS_GOT_use
	.eabi_attribute	20, 2	@ Tag_ABI_FP_denormal
	.eabi_attribute	21, 0	@ Tag_ABI_FP_exceptions
	.eabi_attribute	23, 1	@ Tag_ABI_FP_number_model
	.eabi_attribute	24, 1	@ Tag_ABI_align_needed
	.eabi_attribute	25, 1	@ Tag_ABI_align_preserved
	.eabi_attribute	38, 1	@ Tag_ABI_FP_16bit_format
	.eabi_attribute	18, 2	@ Tag_ABI_PCS_wchar_t
	.eabi_attribute	26, 1	@ Tag_ABI_enum_size
	.eabi_attribute	14, 0	@ Tag_ABI_PCS_R9_use
	.file	"OLED_Font.h"
	.file	1 "D:\\program files\\keil_v5\\ARM\\ARMCLANG\\bin\\..\\include" "stdint.h"
	.file	2 "D:\\yhc\\saiyuan\\files\\project\\main\\Keil_C\\Project" "../Apps/OLED_Font.h"
	.hidden	OLED_F8x16                      @ @OLED_F8x16
	.type	OLED_F8x16,%object
	.section	.rodata.OLED_F8x16,"a",%progbits
	.globl	OLED_F8x16
OLED_F8x16:
	.zero	16
	.asciz	"\000\000\000\370\000\000\000\000\000\000\00030\000\000"
	.byte	0                               @ 0x0
	.byte	16                              @ 0x10
	.byte	12                              @ 0xc
	.byte	6                               @ 0x6
	.byte	16                              @ 0x10
	.byte	12                              @ 0xc
	.byte	6                               @ 0x6
	.zero	9
	.asciz	"@\300x@\300x@\000\004?\004\004?\004\004"
	.asciz	"\000p\210\374\b0\000\000\000\030 \377!\036\000"
	.asciz	"\360\b\360\000\340\030\000\000\000!\034\003\036!\036"
	.ascii	"\000\360\b\210p\000\000\000\036!#$\031'!\020"
	.byte	16                              @ 0x10
	.byte	22                              @ 0x16
	.byte	14                              @ 0xe
	.zero	13
	.asciz	"\000\000\000\340\030\004\002\000\000\000\000\007\030 @"
	.asciz	"\000\002\004\030\340\000\000\000\000@ \030\007\000\000"
	.asciz	"@@\200\360\200@@\000\002\002\001\017\001\002\002"
	.asciz	"\000\000\000\360\000\000\000\000\001\001\001\037\001\001\001"
	.asciz	"\000\000\000\000\000\000\000\000\200\260p\000\000\000\000"
	.ascii	"\000\000\000\000\000\000\000\000\000\001\001\001\001\001\001\001"
	.asciz	"\000\000\000\000\000\000\000\000\00000\000\000\000\000"
	.asciz	"\000\000\000\000\200`\030\004\000`\030\006\001\000\000"
	.asciz	"\000\340\020\b\b\020\340\000\000\017\020  \020\017"
	.asciz	"\000\020\020\370\000\000\000\000\000  ?  \000"
	.asciz	"\000p\b\b\b\210p\000\0000($\"!0"
	.asciz	"\0000\b\210\210H0\000\000\030   \021\016"
	.asciz	"\000\000\300 \020\370\000\000\000\007\004$$?$"
	.asciz	"\000\370\b\210\210\b\b\000\000\031!  \021\016"
	.asciz	"\000\340\020\210\210\030\000\000\000\017\021  \021\016"
	.asciz	"\0008\b\b\3108\b\000\000\000\000?\000\000\000"
	.asciz	"\000p\210\b\b\210p\000\000\034\"!!\"\034"
	.asciz	"\000\340\020\b\b\020\340\000\000\0001\"\"\021\017"
	.asciz	"\000\000\000\300\300\000\000\000\000\000\00000\000\000"
	.asciz	"\000\000\000\200\000\000\000\000\000\000\200`\000\000\000"
	.asciz	"\000\000\200@ \020\b\000\000\001\002\004\b\020 "
	.asciz	"@@@@@@@\000\004\004\004\004\004\004\004"
	.asciz	"\000\b\020 @\200\000\000\000 \020\b\004\002\001"
	.asciz	"\000pH\b\b\b\360\000\000\000\00006\001\000"
	.asciz	"\3000\310(\350\020\340\000\007\030'$#\024\013"
	.ascii	"\000\000\3008\340\000\000\000 <#\002\002'8 "
	.asciz	"\b\370\210\210\210p\000\000 ?   \021\016"
	.asciz	"\3000\b\b\b\b8\000\007\030   \020\b"
	.asciz	"\b\370\b\b\b\020\340\000 ?   \020\017"
	.asciz	"\b\370\210\210\350\b\020\000 ?  # \030"
	.asciz	"\b\370\210\210\350\b\020\000 ? \000\003\000\000"
	.asciz	"\3000\b\b\b8\000\000\007\030  \"\036\002"
	.ascii	"\b\370\b\000\000\b\370\b ?!\001\001!? "
	.asciz	"\000\b\b\370\b\b\000\000\000  ?  \000"
	.asciz	"\000\000\b\b\370\b\b\000\300\200\200\200\177\000\000"
	.asciz	"\b\370\210\300(\030\b\000 ? \001&8 "
	.asciz	"\b\370\b\000\000\000\000\000 ?    0"
	.asciz	"\b\370\370\000\370\370\b\000 ?\000?\000? "
	.asciz	"\b\3700\300\000\b\370\b ? \000\007\030?"
	.asciz	"\340\020\b\b\b\020\340\000\017\020   \020\017"
	.asciz	"\b\370\b\b\b\b\360\000 ?!\001\001\001\000"
	.asciz	"\340\020\b\b\b\020\340\000\017\030$$8PO"
	.ascii	"\b\370\210\210\210\210p\000 ? \000\003\f0 "
	.asciz	"\000p\210\b\b\b8\000\0008 !!\"\034"
	.asciz	"\030\b\b\370\b\b\030\000\000\000 ? \000\000"
	.asciz	"\b\370\b\000\000\b\370\b\000\037    \037"
	.asciz	"\bx\210\000\000\3108\b\000\000\0078\016\001\000"
	.asciz	"\370\b\000\370\000\b\370\000\003<\007\000\007<\003"
	.ascii	"\b\030h\200\200h\030\b 0,\003\003,0 "
	.asciz	"\b8\310\000\3108\b\000\000\000 ? \000\000"
	.asciz	"\020\b\b\b\3108\b\000 8&!  \030"
	.asciz	"\000\000\000\376\002\002\002\000\000\000\000\177@@@"
	.asciz	"\000\f0\300\000\000\000\000\000\000\000\001\0068\300"
	.asciz	"\000\002\002\002\376\000\000\000\000@@@\177\000\000"
	.byte	0                               @ 0x0
	.byte	0                               @ 0x0
	.byte	4                               @ 0x4
	.byte	2                               @ 0x2
	.byte	2                               @ 0x2
	.byte	2                               @ 0x2
	.byte	4                               @ 0x4
	.zero	9
	.ascii	"\000\000\000\000\000\000\000\000\200\200\200\200\200\200\200\200"
	.byte	0                               @ 0x0
	.byte	2                               @ 0x2
	.byte	2                               @ 0x2
	.byte	4                               @ 0x4
	.zero	12
	.ascii	"\000\000\200\200\200\200\000\000\000\031$\"\"\"? "
	.asciz	"\b\370\000\200\200\000\000\000\000?\021  \021\016"
	.asciz	"\000\000\000\200\200\200\000\000\000\016\021   \021"
	.ascii	"\000\000\000\200\200\210\370\000\000\016\021  \020? "
	.asciz	"\000\000\200\200\200\200\000\000\000\037\"\"\"\"\023"
	.asciz	"\000\200\200\360\210\210\210\030\000  ?  \000"
	.asciz	"\000\000\200\200\200\200\200\000\000k\224\224\224\223`"
	.ascii	"\b\370\000\200\200\200\000\000 ?!\000\000 ? "
	.asciz	"\000\200\230\230\000\000\000\000\000  ?  \000"
	.asciz	"\000\000\000\200\230\230\000\000\000\300\200\200\200\177\000"
	.asciz	"\b\370\000\000\200\200\200\000 ?$\002-0 "
	.asciz	"\000\b\b\370\000\000\000\000\000  ?  \000"
	.ascii	"\200\200\200\200\200\200\200\000 ? \000? \000?"
	.ascii	"\200\200\000\200\200\200\000\000 ?!\000\000 ? "
	.asciz	"\000\000\200\200\200\200\000\000\000\037    \037"
	.asciz	"\200\200\000\200\200\000\000\000\200\377\241  \021\016"
	.ascii	"\000\000\000\200\200\200\200\000\000\016\021  \240\377\200"
	.asciz	"\200\200\200\000\200\200\200\000  ?! \000\001"
	.asciz	"\000\000\200\200\200\200\200\000\0003$$$$\031"
	.asciz	"\000\200\200\340\200\200\000\000\000\000\000\037  \000"
	.ascii	"\200\200\000\000\000\200\200\000\000\037   \020? "
	.asciz	"\200\200\200\000\000\200\200\200\000\001\0160\b\006\001"
	.asciz	"\200\200\000\200\000\200\200\200\0170\f\003\f0\017"
	.asciz	"\000\200\200\000\200\200\200\000\000 1.\0161 "
	.asciz	"\200\200\200\000\000\200\200\200\200\201\216p\030\006\001"
	.asciz	"\000\200\200\200\200\200\200\000\000!0,\"!0"
	.ascii	"\000\000\000\000\200|\002\002\000\000\000\000\000?@@"
	.asciz	"\000\000\000\000\377\000\000\000\000\000\000\000\377\000\000"
	.asciz	"\000\002\002|\200\000\000\000\000@@?\000\000\000"
	.ascii	"\000\006\001\001\002\002\004\004"
	.zero	8
	.size	OLED_F8x16, 1520

	.hidden	OLED_CF16x16                    @ @OLED_CF16x16
	.type	OLED_CF16x16,%object
	.section	.rodata.OLED_CF16x16,"a",%progbits
	.globl	OLED_CF16x16
OLED_CF16x16:
	.asciz	"\347\232\256"
	.asciz	"\000\000\370\b\210\210\210\210\377\210\210\210\250\030\000\000\200`\037\200\200BD(\020($BA\300@"
	.asciz	"\351\207\215"
	.asciz	"\b\b\n\352\252\252\252\376\252\252\251\371)\f\b\000@@HKJJJ\177JJJKH`@"
	.asciz	"\351\207\217"
	.asciz	"   \276\252\252\252\252\252\252\252\277\"0 \000\000\200\200\257\252\252\252\377\252\252\252\257\200\200\000"
	.asciz	"\344\273\267"
	.asciz	"\200@ \370\207@ \220\b\007\b\220 \300@\000\000\000\000\377\000\200@?\000\000\000\377\000\000\000"
	.asciz	"\346\240\274"
	.asciz	"\020\020\320\377P\260\030\027\244D\244\024\f\000\000\000\004\003\000\377\b\004\376EDDDE\376\006\002"
	.asciz	"\357\274\232"
	.ascii	"\000\000\000\000\200\300\300\200\000\000\000\000\000\000\000\000\000\000\000\0001{{1"
	.zero	8
	.asciz	"\345\215\203"
	.ascii	"\200\200\204\204\204\204\204\374\202\202\203\202\200\300\200\000\000\000\000\000\000\000\000\377"
	.zero	8
	.asciz	"\345\205\213"
	.asciz	"\004\004\004\344$$$?$$$\364$\006\004\000\000\200\200G\"\036\002\002\002~\202\207\200\200\340"
	.asciz	"\345\215\225"
	.asciz	"\000\000\370IJLH\370HLJI\374\b\000\000\020\020\027\022\022\022\022\377\022\022\022\022\023\030\020"
	.asciz	"\345\205\203"
	.asciz	"  \"\"\"\342\"\"\"\342\"#\"0 \000\200\200@ \030\007\000\000\000?@@@@p"
	.asciz	"/\000\000"
	.ascii	"\000\000\000\000\000\000\000\000\200@ \020\b\004\002\000\000\000 \020\b\004\002\001"
	.zero	8
	.asciz	"\350\257\267"
	.asciz	" \"\354\000 \"\252\252\252\277\252\252\353\242 \000\000\000\177 \020\000\377\n\n\nJ\212\177\000\000"
	.asciz	"\350\276\223"
	.asciz	"\210h\037\310\f(\220\250\246\241&(\020\260\020\000\t\t\005\377\005\000\377\n\212\377\000\037\200\377\000"
	.asciz	"\345\205\245"
	.asciz	"\000\000\000\000\000\001\342\034\340\000\000\000\000\000\000\000\200@ \020\f\003\000\000\000\003\f0@\300@"
	.asciz	"\346\255\243"
	.asciz	"\000\002\002\302\002\002\002\376\202\202\202\202\202\002\000\000@@@\177@@@\177@@@@@@@"
	.asciz	"\345\234\250"
	.asciz	"\b\b\210\3108\f\013\b\b\350\b\b\b\b\b\000\002\001\000\377@AAAA\177AAAA@"
	.asciz	"\345\210\235"
	.asciz	"\b\b\211\352\030\210\000\004\004\374\004\004\004\374\000\000\002\001\000\377\001\206@ \030\007@\200@?\000"
	.asciz	"\345\247\213"
	.asciz	"\020\020\360\037\020\360\000@\340XG@P`\300\000@\"\025\b\026!\000\000\376BBBB\376\000"
	.asciz	"\345\214\226"
	.asciz	"\000\200`\370\007\000\000\000\377@ \020\b\004\000\000\001\000\000\377\000\004\002\001?@@@@@x"
	.size	OLED_CF16x16, 684

	.section	.debug_abbrev,"",%progbits
	.byte	1                               @ Abbreviation Code
	.byte	17                              @ DW_TAG_compile_unit
	.byte	1                               @ DW_CHILDREN_yes
	.byte	37                              @ DW_AT_producer
	.byte	14                              @ DW_FORM_strp
	.byte	19                              @ DW_AT_language
	.byte	5                               @ DW_FORM_data2
	.byte	3                               @ DW_AT_name
	.byte	14                              @ DW_FORM_strp
	.byte	16                              @ DW_AT_stmt_list
	.byte	23                              @ DW_FORM_sec_offset
	.byte	27                              @ DW_AT_comp_dir
	.byte	14                              @ DW_FORM_strp
	.byte	0                               @ EOM(1)
	.byte	0                               @ EOM(2)
	.byte	2                               @ Abbreviation Code
	.byte	52                              @ DW_TAG_variable
	.byte	0                               @ DW_CHILDREN_no
	.byte	3                               @ DW_AT_name
	.byte	14                              @ DW_FORM_strp
	.byte	73                              @ DW_AT_type
	.byte	19                              @ DW_FORM_ref4
	.byte	63                              @ DW_AT_external
	.byte	25                              @ DW_FORM_flag_present
	.byte	58                              @ DW_AT_decl_file
	.byte	11                              @ DW_FORM_data1
	.byte	59                              @ DW_AT_decl_line
	.byte	11                              @ DW_FORM_data1
	.byte	2                               @ DW_AT_location
	.byte	24                              @ DW_FORM_exprloc
	.byte	0                               @ EOM(1)
	.byte	0                               @ EOM(2)
	.byte	3                               @ Abbreviation Code
	.byte	1                               @ DW_TAG_array_type
	.byte	1                               @ DW_CHILDREN_yes
	.byte	73                              @ DW_AT_type
	.byte	19                              @ DW_FORM_ref4
	.byte	0                               @ EOM(1)
	.byte	0                               @ EOM(2)
	.byte	4                               @ Abbreviation Code
	.byte	33                              @ DW_TAG_subrange_type
	.byte	0                               @ DW_CHILDREN_no
	.byte	73                              @ DW_AT_type
	.byte	19                              @ DW_FORM_ref4
	.byte	55                              @ DW_AT_count
	.byte	11                              @ DW_FORM_data1
	.byte	0                               @ EOM(1)
	.byte	0                               @ EOM(2)
	.byte	5                               @ Abbreviation Code
	.byte	38                              @ DW_TAG_const_type
	.byte	0                               @ DW_CHILDREN_no
	.byte	73                              @ DW_AT_type
	.byte	19                              @ DW_FORM_ref4
	.byte	0                               @ EOM(1)
	.byte	0                               @ EOM(2)
	.byte	6                               @ Abbreviation Code
	.byte	22                              @ DW_TAG_typedef
	.byte	0                               @ DW_CHILDREN_no
	.byte	73                              @ DW_AT_type
	.byte	19                              @ DW_FORM_ref4
	.byte	3                               @ DW_AT_name
	.byte	14                              @ DW_FORM_strp
	.byte	58                              @ DW_AT_decl_file
	.byte	11                              @ DW_FORM_data1
	.byte	59                              @ DW_AT_decl_line
	.byte	11                              @ DW_FORM_data1
	.byte	0                               @ EOM(1)
	.byte	0                               @ EOM(2)
	.byte	7                               @ Abbreviation Code
	.byte	36                              @ DW_TAG_base_type
	.byte	0                               @ DW_CHILDREN_no
	.byte	3                               @ DW_AT_name
	.byte	14                              @ DW_FORM_strp
	.byte	62                              @ DW_AT_encoding
	.byte	11                              @ DW_FORM_data1
	.byte	11                              @ DW_AT_byte_size
	.byte	11                              @ DW_FORM_data1
	.byte	0                               @ EOM(1)
	.byte	0                               @ EOM(2)
	.byte	8                               @ Abbreviation Code
	.byte	36                              @ DW_TAG_base_type
	.byte	0                               @ DW_CHILDREN_no
	.byte	3                               @ DW_AT_name
	.byte	14                              @ DW_FORM_strp
	.byte	11                              @ DW_AT_byte_size
	.byte	11                              @ DW_FORM_data1
	.byte	62                              @ DW_AT_encoding
	.byte	11                              @ DW_FORM_data1
	.byte	0                               @ EOM(1)
	.byte	0                               @ EOM(2)
	.byte	9                               @ Abbreviation Code
	.byte	52                              @ DW_TAG_variable
	.byte	0                               @ DW_CHILDREN_no
	.byte	3                               @ DW_AT_name
	.byte	14                              @ DW_FORM_strp
	.byte	73                              @ DW_AT_type
	.byte	19                              @ DW_FORM_ref4
	.byte	63                              @ DW_AT_external
	.byte	25                              @ DW_FORM_flag_present
	.byte	58                              @ DW_AT_decl_file
	.byte	11                              @ DW_FORM_data1
	.byte	59                              @ DW_AT_decl_line
	.byte	5                               @ DW_FORM_data2
	.byte	2                               @ DW_AT_location
	.byte	24                              @ DW_FORM_exprloc
	.byte	0                               @ EOM(1)
	.byte	0                               @ EOM(2)
	.byte	10                              @ Abbreviation Code
	.byte	19                              @ DW_TAG_structure_type
	.byte	1                               @ DW_CHILDREN_yes
	.byte	11                              @ DW_AT_byte_size
	.byte	11                              @ DW_FORM_data1
	.byte	58                              @ DW_AT_decl_file
	.byte	11                              @ DW_FORM_data1
	.byte	59                              @ DW_AT_decl_line
	.byte	11                              @ DW_FORM_data1
	.byte	0                               @ EOM(1)
	.byte	0                               @ EOM(2)
	.byte	11                              @ Abbreviation Code
	.byte	13                              @ DW_TAG_member
	.byte	0                               @ DW_CHILDREN_no
	.byte	3                               @ DW_AT_name
	.byte	14                              @ DW_FORM_strp
	.byte	73                              @ DW_AT_type
	.byte	19                              @ DW_FORM_ref4
	.byte	58                              @ DW_AT_decl_file
	.byte	11                              @ DW_FORM_data1
	.byte	59                              @ DW_AT_decl_line
	.byte	11                              @ DW_FORM_data1
	.byte	56                              @ DW_AT_data_member_location
	.byte	11                              @ DW_FORM_data1
	.byte	0                               @ EOM(1)
	.byte	0                               @ EOM(2)
	.byte	0                               @ EOM(3)
	.section	.debug_info,"",%progbits
.Lcu_begin0:
	.long	.Ldebug_info_end0-.Ldebug_info_start0 @ Length of Unit
.Ldebug_info_start0:
	.short	4                               @ DWARF version number
	.long	.debug_abbrev                   @ Offset Into Abbrev. Section
	.byte	4                               @ Address Size (in bytes)
	.byte	1                               @ Abbrev [1] 0xb:0xbf DW_TAG_compile_unit
	.long	.Linfo_string0                  @ DW_AT_producer
	.short	12                              @ DW_AT_language
	.long	.Linfo_string1                  @ DW_AT_name
	.long	.Lline_table_start0             @ DW_AT_stmt_list
	.long	.Linfo_string2                  @ DW_AT_comp_dir
	.byte	2                               @ Abbrev [2] 0x1e:0x11 DW_TAG_variable
	.long	.Linfo_string3                  @ DW_AT_name
	.long	47                              @ DW_AT_type
                                        @ DW_AT_external
	.byte	2                               @ DW_AT_decl_file
	.byte	21                              @ DW_AT_decl_line
	.byte	5                               @ DW_AT_location
	.byte	3
	.long	OLED_F8x16
	.byte	3                               @ Abbrev [3] 0x2f:0x12 DW_TAG_array_type
	.long	65                              @ DW_AT_type
	.byte	4                               @ Abbrev [4] 0x34:0x6 DW_TAG_subrange_type
	.long	88                              @ DW_AT_type
	.byte	95                              @ DW_AT_count
	.byte	4                               @ Abbrev [4] 0x3a:0x6 DW_TAG_subrange_type
	.long	88                              @ DW_AT_type
	.byte	16                              @ DW_AT_count
	.byte	0                               @ End Of Children Mark
	.byte	5                               @ Abbrev [5] 0x41:0x5 DW_TAG_const_type
	.long	70                              @ DW_AT_type
	.byte	6                               @ Abbrev [6] 0x46:0xb DW_TAG_typedef
	.long	81                              @ DW_AT_type
	.long	.Linfo_string5                  @ DW_AT_name
	.byte	1                               @ DW_AT_decl_file
	.byte	62                              @ DW_AT_decl_line
	.byte	7                               @ Abbrev [7] 0x51:0x7 DW_TAG_base_type
	.long	.Linfo_string4                  @ DW_AT_name
	.byte	8                               @ DW_AT_encoding
	.byte	1                               @ DW_AT_byte_size
	.byte	8                               @ Abbrev [8] 0x58:0x7 DW_TAG_base_type
	.long	.Linfo_string6                  @ DW_AT_name
	.byte	8                               @ DW_AT_byte_size
	.byte	7                               @ DW_AT_encoding
	.byte	9                               @ Abbrev [9] 0x5f:0x12 DW_TAG_variable
	.long	.Linfo_string7                  @ DW_AT_name
	.long	113                             @ DW_AT_type
                                        @ DW_AT_external
	.byte	2                               @ DW_AT_decl_file
	.short	309                             @ DW_AT_decl_line
	.byte	5                               @ DW_AT_location
	.byte	3
	.long	OLED_CF16x16
	.byte	3                               @ Abbrev [3] 0x71:0xc DW_TAG_array_type
	.long	125                             @ DW_AT_type
	.byte	4                               @ Abbrev [4] 0x76:0x6 DW_TAG_subrange_type
	.long	88                              @ DW_AT_type
	.byte	19                              @ DW_AT_count
	.byte	0                               @ End Of Children Mark
	.byte	5                               @ Abbrev [5] 0x7d:0x5 DW_TAG_const_type
	.long	130                             @ DW_AT_type
	.byte	6                               @ Abbrev [6] 0x82:0xb DW_TAG_typedef
	.long	141                             @ DW_AT_type
	.long	.Linfo_string11                 @ DW_AT_name
	.byte	2                               @ DW_AT_decl_file
	.byte	15                              @ DW_AT_decl_line
	.byte	10                              @ Abbrev [10] 0x8d:0x1d DW_TAG_structure_type
	.byte	36                              @ DW_AT_byte_size
	.byte	2                               @ DW_AT_decl_file
	.byte	11                              @ DW_AT_decl_line
	.byte	11                              @ Abbrev [11] 0x91:0xc DW_TAG_member
	.long	.Linfo_string8                  @ DW_AT_name
	.long	170                             @ DW_AT_type
	.byte	2                               @ DW_AT_decl_file
	.byte	13                              @ DW_AT_decl_line
	.byte	0                               @ DW_AT_data_member_location
	.byte	11                              @ Abbrev [11] 0x9d:0xc DW_TAG_member
	.long	.Linfo_string10                 @ DW_AT_name
	.long	189                             @ DW_AT_type
	.byte	2                               @ DW_AT_decl_file
	.byte	14                              @ DW_AT_decl_line
	.byte	4                               @ DW_AT_data_member_location
	.byte	0                               @ End Of Children Mark
	.byte	3                               @ Abbrev [3] 0xaa:0xc DW_TAG_array_type
	.long	182                             @ DW_AT_type
	.byte	4                               @ Abbrev [4] 0xaf:0x6 DW_TAG_subrange_type
	.long	88                              @ DW_AT_type
	.byte	4                               @ DW_AT_count
	.byte	0                               @ End Of Children Mark
	.byte	7                               @ Abbrev [7] 0xb6:0x7 DW_TAG_base_type
	.long	.Linfo_string9                  @ DW_AT_name
	.byte	8                               @ DW_AT_encoding
	.byte	1                               @ DW_AT_byte_size
	.byte	3                               @ Abbrev [3] 0xbd:0xc DW_TAG_array_type
	.long	70                              @ DW_AT_type
	.byte	4                               @ Abbrev [4] 0xc2:0x6 DW_TAG_subrange_type
	.long	88                              @ DW_AT_type
	.byte	32                              @ DW_AT_count
	.byte	0                               @ End Of Children Mark
	.byte	0                               @ End Of Children Mark
.Ldebug_info_end0:
	.section	.debug_str,"MS",%progbits,1
.Linfo_string0:
	.asciz	"Component: Arm Compiler for Embedded 6.24 Tool: armclang [5f371800]" @ string offset=0
.Linfo_string1:
	.asciz	"../Apps\\OLED_Font.h"          @ string offset=68
.Linfo_string2:
	.asciz	"D:\\yhc\\saiyuan\\files\\project\\main\\Keil_C\\Project" @ string offset=88
.Linfo_string3:
	.asciz	"OLED_F8x16"                    @ string offset=137
.Linfo_string4:
	.asciz	"unsigned char"                 @ string offset=148
.Linfo_string5:
	.asciz	"uint8_t"                       @ string offset=162
.Linfo_string6:
	.asciz	"__ARRAY_SIZE_TYPE__"           @ string offset=170
.Linfo_string7:
	.asciz	"OLED_CF16x16"                  @ string offset=190
.Linfo_string8:
	.asciz	"Index"                         @ string offset=203
.Linfo_string9:
	.asciz	"char"                          @ string offset=209
.Linfo_string10:
	.asciz	"Data"                          @ string offset=214
.Linfo_string11:
	.asciz	"ChineseCell_t"                 @ string offset=219
	.ident	"Component: Arm Compiler for Embedded 6.24 Tool: armclang [5f371800]"
	.section	".note.GNU-stack","",%progbits
	.ARM_attribute	16, 1	@ Tag_AV_eba
	.section	.debug_line,"",%progbits
.Lline_table_start0:
